// Jest Snapshot v1, https://goo.gl/fbAQLP

exports[`TestPageContainer snapshot 1`] = `
.c6 {
  background-color: #007bff;
  border-color: #007bff;
  border-width: 1px;
  border-style: solid;
  border-radius: 0.25rem;
  line-height: 1.125;
  padding: .5625rem 1rem;
  font-size: .75rem;
  -webkit-transition: all 250ms cubic-bezier(.27,.01,.38,1.06);
  transition: all 250ms cubic-bezier(.27,.01,.38,1.06);
  cursor: pointer;
  color: #ffffff;
}

.c6:hover {
  background-color: #006fe6;
  border-color: #006fe6;
  box-shadow: 0 5px 15px rgba(0,0,0,.05),0 4px 10px rgba(0,123,255,.25);
  color: #ffffff;
}

.c6:active {
  background-color: #006fe6;
  border-color: #0062cc;
  box-shadow: inset 0 3px 5px rgba(0,0,0,.125)!important;
  color: #ffffff;
}

.c6:focus {
  box-shadow: 0 0 0 3px rgba(0,123,255,.15),0 3px 15px rgba(0,123,255,.2),0 2px 5px rgba(0,0,0,.1);
}

.c7 {
  background-color: #5a6169;
  border-color: #5a6169;
  border-width: 1px;
  border-style: solid;
  border-radius: 0.25rem;
  line-height: 1.125;
  padding: .5625rem 1rem;
  font-size: .75rem;
  -webkit-transition: all 250ms cubic-bezier(.27,.01,.38,1.06);
  transition: all 250ms cubic-bezier(.27,.01,.38,1.06);
  cursor: pointer;
  color: #ffffff;
}

.c7:hover {
  background-color: #4e545b;
  border-color: #4e545b;
  box-shadow: 0 5px 15px rgba(0,0,0,.05),0 4px 10px rgba(90,97,105,.25);
  color: #ffffff;
}

.c7:active {
  background-color: #4e545b;
  border-color: #42484e;
  box-shadow: inset 0 3px 5px rgba(0,0,0,.125)!important;
  color: #ffffff;
}

.c7:focus {
  box-shadow: 0 0 0 3px rgba(90,97,105,.15),0 3px 15px rgba(90,97,105,.2),0 2px 5px rgba(0,0,0,.1);
}

.c8 {
  background-color: #17c671;
  border-color: #17c671;
  border-width: 1px;
  border-style: solid;
  border-radius: 0.25rem;
  line-height: 1.125;
  padding: .5625rem 1rem;
  font-size: .75rem;
  -webkit-transition: all 250ms cubic-bezier(.27,.01,.38,1.06);
  transition: all 250ms cubic-bezier(.27,.01,.38,1.06);
  cursor: pointer;
  color: #ffffff;
}

.c8:hover {
  background-color: #14af64;
  border-color: #14af64;
  box-shadow: 0 5px 15px rgba(0,0,0,.05),0 4px 10px rgba(23,198,113,.25);
  color: #ffffff;
}

.c8:active {
  background-color: #14af64;
  border-color: #129857;
  box-shadow: inset 0 3px 5px rgba(0,0,0,.125)!important;
  color: #ffffff;
}

.c8:focus {
  box-shadow: 0 0 0 3px rgba(23,198,113,.15),0 3px 15px rgba(23,198,113,.2),0 2px 5px rgba(0,0,0,.1);
}

.c9 {
  background-color: #00b8d8;
  border-color: #00b8d8;
  border-width: 1px;
  border-style: solid;
  border-radius: 0.25rem;
  line-height: 1.125;
  padding: .5625rem 1rem;
  font-size: .75rem;
  -webkit-transition: all 250ms cubic-bezier(.27,.01,.38,1.06);
  transition: all 250ms cubic-bezier(.27,.01,.38,1.06);
  cursor: pointer;
  color: #ffffff;
}

.c9:hover {
  background-color: #00a2bf;
  border-color: #00a2bf;
  box-shadow: 0 5px 15px rgba(0,0,0,.05),0 4px 10px rgba(0,184,216,.25);
  color: #ffffff;
}

.c9:active {
  background-color: #00a2bf;
  border-color: #008da5;
  box-shadow: inset 0 3px 5px rgba(0,0,0,.125)!important;
  color: #ffffff;
}

.c9:focus {
  box-shadow: 0 0 0 3px rgba(0,184,216,.15),0 3px 15px rgba(0,184,216,.2),0 2px 5px rgba(0,0,0,.1);
}

.c10 {
  background-color: #c4183c;
  border-color: #c4183c;
  border-width: 1px;
  border-style: solid;
  border-radius: 0.25rem;
  line-height: 1.125;
  padding: .5625rem 1rem;
  font-size: .75rem;
  -webkit-transition: all 250ms cubic-bezier(.27,.01,.38,1.06);
  transition: all 250ms cubic-bezier(.27,.01,.38,1.06);
  cursor: pointer;
  color: #ffffff;
}

.c10:hover {
  background-color: #ad1535;
  border-color: #ad1535;
  box-shadow: 0 5px 15px rgba(0,0,0,.05),0 4px 10px rgba(196,24,60,.25);
  color: #ffffff;
}

.c10:active {
  background-color: #ad1535;
  border-color: #97122e;
  box-shadow: inset 0 3px 5px rgba(0,0,0,.125)!important;
  color: #ffffff;
}

.c10:focus {
  box-shadow: 0 0 0 3px rgba(196,24,60,.15),0 3px 15px rgba(196,24,60,.2),0 2px 5px rgba(0,0,0,.1);
}

.c11 {
  background-color: #ffb400;
  border-color: #ffb400;
  border-width: 1px;
  border-style: solid;
  border-radius: 0.25rem;
  line-height: 1.125;
  padding: .5625rem 1rem;
  font-size: .75rem;
  -webkit-transition: all 250ms cubic-bezier(.27,.01,.38,1.06);
  transition: all 250ms cubic-bezier(.27,.01,.38,1.06);
  cursor: pointer;
  color: #ffffff;
}

.c11:hover {
  background-color: #e6a200;
  border-color: #e6a200;
  box-shadow: 0 5px 15px rgba(0,0,0,.05),0 4px 10px rgba(255,180,0,.25);
  color: #ffffff;
}

.c11:active {
  background-color: #e6a200;
  border-color: #cc9000;
  box-shadow: inset 0 3px 5px rgba(0,0,0,.125)!important;
  color: #ffffff;
}

.c11:focus {
  box-shadow: 0 0 0 3px rgba(255,180,0,.15),0 3px 15px rgba(255,180,0,.2),0 2px 5px rgba(0,0,0,.1);
}

.c12 {
  background-color: #212529;
  border-color: #212529;
  border-width: 1px;
  border-style: solid;
  border-radius: 0.25rem;
  line-height: 1.125;
  padding: .5625rem 1rem;
  font-size: .75rem;
  -webkit-transition: all 250ms cubic-bezier(.27,.01,.38,1.06);
  transition: all 250ms cubic-bezier(.27,.01,.38,1.06);
  cursor: pointer;
  color: #ffffff;
}

.c12:hover {
  background-color: #16181b;
  border-color: #16181b;
  box-shadow: 0 5px 15px rgba(0,0,0,.05),0 4px 10px rgba(33,37,41,.25);
  color: #ffffff;
}

.c12:active {
  background-color: #16181b;
  border-color: #0a0c0d;
  box-shadow: inset 0 3px 5px rgba(0,0,0,.125)!important;
  color: #ffffff;
}

.c12:focus {
  box-shadow: 0 0 0 3px rgba(33,37,41,.15),0 3px 15px rgba(33,37,41,.2),0 2px 5px rgba(0,0,0,.1);
}

.c13 {
  background-color: #ffffff;
  border-color: #e1e5eb;
  border-width: 1px;
  border-style: solid;
  border-radius: 0.25rem;
  line-height: 1.125;
  padding: .5625rem 1rem;
  font-size: .75rem;
  -webkit-transition: all 250ms cubic-bezier(.27,.01,.38,1.06);
  transition: all 250ms cubic-bezier(.27,.01,.38,1.06);
  cursor: pointer;
  color: #5a6169;
}

.c13:hover {
  background-color: #ffffff;
  border-color: #e1e5eb;
  box-shadow: 0 0.125rem 0.625rem rgba(129,142,163,.2),0 0.0625rem 0.125rem rgba(129,142,164,.3);
  color: #5a6169;
}

.c13:active {
  background-color: #007bff;
  border-color: #007bff;
  box-shadow: inset 0 3px 5px rgba(0,0,0,.125)!important;
  color: #ffffff;
}

.c13:focus {
  box-shadow: 0 0 0 3px rgba(251,251,251,.15),0 3px 15px rgba(251,251,251,.2),0 2px 5px rgba(0,0,0,.1);
}

.c14 {
  background-color: #674eec;
  border-color: #674eec;
  border-width: 1px;
  border-style: solid;
  border-radius: 0.25rem;
  line-height: 1.125;
  padding: .5625rem 1rem;
  font-size: .75rem;
  -webkit-transition: all 250ms cubic-bezier(.27,.01,.38,1.06);
  transition: all 250ms cubic-bezier(.27,.01,.38,1.06);
  cursor: pointer;
  color: #ffffff;
}

.c14:hover {
  background-color: #5337ea;
  border-color: #5337ea;
  box-shadow: 0 5px 15px rgba(0,0,0,.05),0 4px 10px rgba(103,78,236,.25);
  color: #ffffff;
}

.c14:active {
  background-color: #5337ea;
  border-color: #3f20e7;
  box-shadow: inset 0 3px 5px rgba(0,0,0,.125)!important;
  color: #ffffff;
}

.c14:focus {
  box-shadow: 0 0 0 3px rgba(103,78,236,.15),0 3px 15px rgba(103,78,236,.2),0 2px 5px rgba(0,0,0,.1);
}

.c15 {
  background-color: #1adba2;
  border-color: #1adba2;
  border-width: 1px;
  border-style: solid;
  border-radius: 0.25rem;
  line-height: 1.125;
  padding: .5625rem 1rem;
  font-size: .75rem;
  -webkit-transition: all 250ms cubic-bezier(.27,.01,.38,1.06);
  transition: all 250ms cubic-bezier(.27,.01,.38,1.06);
  cursor: pointer;
  color: #ffffff;
}

.c15:hover {
  background-color: #17c491;
  border-color: #17c491;
  box-shadow: 0 5px 15px rgba(0,0,0,.05),0 4px 10px rgba(26,219,162,.25);
  color: #ffffff;
}

.c15:active {
  background-color: #17c491;
  border-color: #15ad80;
  box-shadow: inset 0 3px 5px rgba(0,0,0,.125)!important;
  color: #ffffff;
}

.c15:focus {
  box-shadow: 0 0 0 3px rgba(26,219,162,.15),0 3px 15px rgba(26,219,162,.2),0 2px 5px rgba(0,0,0,.1);
}

.c16 {
  background-color: #ff4169;
  border-color: #ff4169;
  border-width: 1px;
  border-style: solid;
  border-radius: 0.25rem;
  line-height: 1.125;
  padding: .5625rem 1rem;
  font-size: .75rem;
  -webkit-transition: all 250ms cubic-bezier(.27,.01,.38,1.06);
  transition: all 250ms cubic-bezier(.27,.01,.38,1.06);
  cursor: pointer;
  color: #ffffff;
}

.c16:hover {
  background-color: #ff2855;
  border-color: #ff2855;
  box-shadow: 0 5px 15px rgba(0,0,0,.05),0 4px 10px rgba(255,65,105,.25);
  color: #ffffff;
}

.c16:active {
  background-color: #ff2855;
  border-color: #ff0e41;
  box-shadow: inset 0 3px 5px rgba(0,0,0,.125)!important;
  color: #ffffff;
}

.c16:focus {
  box-shadow: 0 0 0 3px rgba(255,65,105,.15),0 3px 15px rgba(255,65,105,.2),0 2px 5px rgba(0,0,0,.1);
}

.c17 {
  background-color: #ffffff;
  border-color: #007bff;
  border-width: 1px;
  border-style: solid;
  border-radius: 0.25rem;
  line-height: 1.125;
  padding: .5625rem 1rem;
  font-size: .75rem;
  -webkit-transition: all 250ms cubic-bezier(.27,.01,.38,1.06);
  transition: all 250ms cubic-bezier(.27,.01,.38,1.06);
  cursor: pointer;
  color: #007bff;
}

.c17:hover {
  background-color: #006fe6;
  border-color: #006fe6;
  box-shadow: 0 5px 15px rgba(0,0,0,.05),0 4px 10px rgba(0,123,255,.25);
  color: #ffffff;
}

.c17:active {
  border-color: #0062cc;
  box-shadow: inset 0 3px 5px rgba(0,0,0,.125)!important;
  color: #ffffff;
}

.c17:focus {
  box-shadow: 0 0 0 3px rgba(0,123,255,.15),0 3px 15px rgba(0,123,255,.2),0 2px 5px rgba(0,0,0,.1);
}

.c18 {
  background-color: #ffffff;
  border-color: #5a6169;
  border-width: 1px;
  border-style: solid;
  border-radius: 0.25rem;
  line-height: 1.125;
  padding: .5625rem 1rem;
  font-size: .75rem;
  -webkit-transition: all 250ms cubic-bezier(.27,.01,.38,1.06);
  transition: all 250ms cubic-bezier(.27,.01,.38,1.06);
  cursor: pointer;
  color: #5a6169;
}

.c18:hover {
  background-color: #4e545b;
  border-color: #4e545b;
  box-shadow: 0 5px 15px rgba(0,0,0,.05),0 4px 10px rgba(90,97,105,.25);
  color: #ffffff;
}

.c18:active {
  border-color: #42484e;
  box-shadow: inset 0 3px 5px rgba(0,0,0,.125)!important;
  color: #ffffff;
}

.c18:focus {
  box-shadow: 0 0 0 3px rgba(90,97,105,.15),0 3px 15px rgba(90,97,105,.2),0 2px 5px rgba(0,0,0,.1);
}

.c19 {
  background-color: #ffffff;
  border-color: #17c671;
  border-width: 1px;
  border-style: solid;
  border-radius: 0.25rem;
  line-height: 1.125;
  padding: .5625rem 1rem;
  font-size: .75rem;
  -webkit-transition: all 250ms cubic-bezier(.27,.01,.38,1.06);
  transition: all 250ms cubic-bezier(.27,.01,.38,1.06);
  cursor: pointer;
  color: #17c671;
}

.c19:hover {
  background-color: #14af64;
  border-color: #14af64;
  box-shadow: 0 5px 15px rgba(0,0,0,.05),0 4px 10px rgba(23,198,113,.25);
  color: #ffffff;
}

.c19:active {
  border-color: #129857;
  box-shadow: inset 0 3px 5px rgba(0,0,0,.125)!important;
  color: #ffffff;
}

.c19:focus {
  box-shadow: 0 0 0 3px rgba(23,198,113,.15),0 3px 15px rgba(23,198,113,.2),0 2px 5px rgba(0,0,0,.1);
}

.c20 {
  background-color: #ffffff;
  border-color: #00b8d8;
  border-width: 1px;
  border-style: solid;
  border-radius: 0.25rem;
  line-height: 1.125;
  padding: .5625rem 1rem;
  font-size: .75rem;
  -webkit-transition: all 250ms cubic-bezier(.27,.01,.38,1.06);
  transition: all 250ms cubic-bezier(.27,.01,.38,1.06);
  cursor: pointer;
  color: #00b8d8;
}

.c20:hover {
  background-color: #00a2bf;
  border-color: #00a2bf;
  box-shadow: 0 5px 15px rgba(0,0,0,.05),0 4px 10px rgba(0,184,216,.25);
  color: #ffffff;
}

.c20:active {
  border-color: #008da5;
  box-shadow: inset 0 3px 5px rgba(0,0,0,.125)!important;
  color: #ffffff;
}

.c20:focus {
  box-shadow: 0 0 0 3px rgba(0,184,216,.15),0 3px 15px rgba(0,184,216,.2),0 2px 5px rgba(0,0,0,.1);
}

.c21 {
  background-color: #ffffff;
  border-color: #c4183c;
  border-width: 1px;
  border-style: solid;
  border-radius: 0.25rem;
  line-height: 1.125;
  padding: .5625rem 1rem;
  font-size: .75rem;
  -webkit-transition: all 250ms cubic-bezier(.27,.01,.38,1.06);
  transition: all 250ms cubic-bezier(.27,.01,.38,1.06);
  cursor: pointer;
  color: #c4183c;
}

.c21:hover {
  background-color: #ad1535;
  border-color: #ad1535;
  box-shadow: 0 5px 15px rgba(0,0,0,.05),0 4px 10px rgba(196,24,60,.25);
  color: #ffffff;
}

.c21:active {
  border-color: #97122e;
  box-shadow: inset 0 3px 5px rgba(0,0,0,.125)!important;
  color: #ffffff;
}

.c21:focus {
  box-shadow: 0 0 0 3px rgba(196,24,60,.15),0 3px 15px rgba(196,24,60,.2),0 2px 5px rgba(0,0,0,.1);
}

.c22 {
  background-color: #ffffff;
  border-color: #ffb400;
  border-width: 1px;
  border-style: solid;
  border-radius: 0.25rem;
  line-height: 1.125;
  padding: .5625rem 1rem;
  font-size: .75rem;
  -webkit-transition: all 250ms cubic-bezier(.27,.01,.38,1.06);
  transition: all 250ms cubic-bezier(.27,.01,.38,1.06);
  cursor: pointer;
  color: #ffb400;
}

.c22:hover {
  background-color: #e6a200;
  border-color: #e6a200;
  box-shadow: 0 5px 15px rgba(0,0,0,.05),0 4px 10px rgba(255,180,0,.25);
  color: #ffffff;
}

.c22:active {
  border-color: #cc9000;
  box-shadow: inset 0 3px 5px rgba(0,0,0,.125)!important;
  color: #ffffff;
}

.c22:focus {
  box-shadow: 0 0 0 3px rgba(255,180,0,.15),0 3px 15px rgba(255,180,0,.2),0 2px 5px rgba(0,0,0,.1);
}

.c23 {
  background-color: #ffffff;
  border-color: #212529;
  border-width: 1px;
  border-style: solid;
  border-radius: 0.25rem;
  line-height: 1.125;
  padding: .5625rem 1rem;
  font-size: .75rem;
  -webkit-transition: all 250ms cubic-bezier(.27,.01,.38,1.06);
  transition: all 250ms cubic-bezier(.27,.01,.38,1.06);
  cursor: pointer;
  color: #212529;
}

.c23:hover {
  background-color: #16181b;
  border-color: #16181b;
  box-shadow: 0 5px 15px rgba(0,0,0,.05),0 4px 10px rgba(33,37,41,.25);
  color: #ffffff;
}

.c23:active {
  border-color: #0a0c0d;
  box-shadow: inset 0 3px 5px rgba(0,0,0,.125)!important;
  color: #ffffff;
}

.c23:focus {
  box-shadow: 0 0 0 3px rgba(33,37,41,.15),0 3px 15px rgba(33,37,41,.2),0 2px 5px rgba(0,0,0,.1);
}

.c24 {
  background-color: #ffffff;
  border-color: transparent;
  border-width: 1px;
  border-style: solid;
  border-radius: 0.25rem;
  line-height: 1.125;
  padding: .5625rem 1rem;
  font-size: .75rem;
  -webkit-transition: all 250ms cubic-bezier(.27,.01,.38,1.06);
  transition: all 250ms cubic-bezier(.27,.01,.38,1.06);
  cursor: pointer;
  color: #5a6169;
}

.c24:hover {
  background-color: #ffffff;
  border-color: transparent;
  box-shadow: 0 0.125rem 0.625rem rgba(129,142,163,.2),0 0.0625rem 0.125rem rgba(129,142,164,.3);
  color: #5a6169;
}

.c24:active {
  border-color: #007bff;
  box-shadow: inset 0 3px 5px rgba(0,0,0,.125)!important;
  color: #ffffff;
}

.c24:focus {
  box-shadow: 0 0 0 3px rgba(251,251,251,.15),0 3px 15px rgba(251,251,251,.2),0 2px 5px rgba(0,0,0,.1);
}

.c25 {
  background-color: #ffffff;
  border-color: #674eec;
  border-width: 1px;
  border-style: solid;
  border-radius: 0.25rem;
  line-height: 1.125;
  padding: .5625rem 1rem;
  font-size: .75rem;
  -webkit-transition: all 250ms cubic-bezier(.27,.01,.38,1.06);
  transition: all 250ms cubic-bezier(.27,.01,.38,1.06);
  cursor: pointer;
  color: #674eec;
}

.c25:hover {
  background-color: #5337ea;
  border-color: #5337ea;
  box-shadow: 0 5px 15px rgba(0,0,0,.05),0 4px 10px rgba(103,78,236,.25);
  color: #ffffff;
}

.c25:active {
  border-color: #3f20e7;
  box-shadow: inset 0 3px 5px rgba(0,0,0,.125)!important;
  color: #ffffff;
}

.c25:focus {
  box-shadow: 0 0 0 3px rgba(103,78,236,.15),0 3px 15px rgba(103,78,236,.2),0 2px 5px rgba(0,0,0,.1);
}

.c26 {
  background-color: #ffffff;
  border-color: #1adba2;
  border-width: 1px;
  border-style: solid;
  border-radius: 0.25rem;
  line-height: 1.125;
  padding: .5625rem 1rem;
  font-size: .75rem;
  -webkit-transition: all 250ms cubic-bezier(.27,.01,.38,1.06);
  transition: all 250ms cubic-bezier(.27,.01,.38,1.06);
  cursor: pointer;
  color: #1adba2;
}

.c26:hover {
  background-color: #17c491;
  border-color: #17c491;
  box-shadow: 0 5px 15px rgba(0,0,0,.05),0 4px 10px rgba(26,219,162,.25);
  color: #ffffff;
}

.c26:active {
  border-color: #15ad80;
  box-shadow: inset 0 3px 5px rgba(0,0,0,.125)!important;
  color: #ffffff;
}

.c26:focus {
  box-shadow: 0 0 0 3px rgba(26,219,162,.15),0 3px 15px rgba(26,219,162,.2),0 2px 5px rgba(0,0,0,.1);
}

.c27 {
  background-color: #ffffff;
  border-color: #ff4169;
  border-width: 1px;
  border-style: solid;
  border-radius: 0.25rem;
  line-height: 1.125;
  padding: .5625rem 1rem;
  font-size: .75rem;
  -webkit-transition: all 250ms cubic-bezier(.27,.01,.38,1.06);
  transition: all 250ms cubic-bezier(.27,.01,.38,1.06);
  cursor: pointer;
  color: #ff4169;
}

.c27:hover {
  background-color: #ff2855;
  border-color: #ff2855;
  box-shadow: 0 5px 15px rgba(0,0,0,.05),0 4px 10px rgba(255,65,105,.25);
  color: #ffffff;
}

.c27:active {
  border-color: #ff0e41;
  box-shadow: inset 0 3px 5px rgba(0,0,0,.125)!important;
  color: #ffffff;
}

.c27:focus {
  box-shadow: 0 0 0 3px rgba(255,65,105,.15),0 3px 15px rgba(255,65,105,.2),0 2px 5px rgba(0,0,0,.1);
}

.c28 {
  background-color: #007bff;
  border-color: #007bff;
  border-width: 1px;
  border-style: solid;
  border-radius: 0.25rem;
  line-height: 1.5;
  padding: 0.4286rem 0.875rem;
  font-size: 0.6875rem;
  -webkit-transition: all 250ms cubic-bezier(.27,.01,.38,1.06);
  transition: all 250ms cubic-bezier(.27,.01,.38,1.06);
  cursor: pointer;
  color: #ffffff;
}

.c28:hover {
  background-color: #006fe6;
  border-color: #006fe6;
  box-shadow: 0 5px 15px rgba(0,0,0,.05),0 4px 10px rgba(0,123,255,.25);
  color: #ffffff;
}

.c28:active {
  background-color: #006fe6;
  border-color: #0062cc;
  box-shadow: inset 0 3px 5px rgba(0,0,0,.125)!important;
  color: #ffffff;
}

.c28:focus {
  box-shadow: 0 0 0 3px rgba(0,123,255,.15),0 3px 15px rgba(0,123,255,.2),0 2px 5px rgba(0,0,0,.1);
}

.c29 {
  background-color: #5a6169;
  border-color: #5a6169;
  border-width: 1px;
  border-style: solid;
  border-radius: 0.25rem;
  line-height: 1.5;
  padding: 0.4286rem 0.875rem;
  font-size: 0.6875rem;
  -webkit-transition: all 250ms cubic-bezier(.27,.01,.38,1.06);
  transition: all 250ms cubic-bezier(.27,.01,.38,1.06);
  cursor: pointer;
  color: #ffffff;
}

.c29:hover {
  background-color: #4e545b;
  border-color: #4e545b;
  box-shadow: 0 5px 15px rgba(0,0,0,.05),0 4px 10px rgba(90,97,105,.25);
  color: #ffffff;
}

.c29:active {
  background-color: #4e545b;
  border-color: #42484e;
  box-shadow: inset 0 3px 5px rgba(0,0,0,.125)!important;
  color: #ffffff;
}

.c29:focus {
  box-shadow: 0 0 0 3px rgba(90,97,105,.15),0 3px 15px rgba(90,97,105,.2),0 2px 5px rgba(0,0,0,.1);
}

.c30 {
  background-color: #17c671;
  border-color: #17c671;
  border-width: 1px;
  border-style: solid;
  border-radius: 0.25rem;
  line-height: 1.5;
  padding: 0.4286rem 0.875rem;
  font-size: 0.6875rem;
  -webkit-transition: all 250ms cubic-bezier(.27,.01,.38,1.06);
  transition: all 250ms cubic-bezier(.27,.01,.38,1.06);
  cursor: pointer;
  color: #ffffff;
}

.c30:hover {
  background-color: #14af64;
  border-color: #14af64;
  box-shadow: 0 5px 15px rgba(0,0,0,.05),0 4px 10px rgba(23,198,113,.25);
  color: #ffffff;
}

.c30:active {
  background-color: #14af64;
  border-color: #129857;
  box-shadow: inset 0 3px 5px rgba(0,0,0,.125)!important;
  color: #ffffff;
}

.c30:focus {
  box-shadow: 0 0 0 3px rgba(23,198,113,.15),0 3px 15px rgba(23,198,113,.2),0 2px 5px rgba(0,0,0,.1);
}

.c31 {
  background-color: #00b8d8;
  border-color: #00b8d8;
  border-width: 1px;
  border-style: solid;
  border-radius: 0.25rem;
  line-height: 1.5;
  padding: 0.4286rem 0.875rem;
  font-size: 0.6875rem;
  -webkit-transition: all 250ms cubic-bezier(.27,.01,.38,1.06);
  transition: all 250ms cubic-bezier(.27,.01,.38,1.06);
  cursor: pointer;
  color: #ffffff;
}

.c31:hover {
  background-color: #00a2bf;
  border-color: #00a2bf;
  box-shadow: 0 5px 15px rgba(0,0,0,.05),0 4px 10px rgba(0,184,216,.25);
  color: #ffffff;
}

.c31:active {
  background-color: #00a2bf;
  border-color: #008da5;
  box-shadow: inset 0 3px 5px rgba(0,0,0,.125)!important;
  color: #ffffff;
}

.c31:focus {
  box-shadow: 0 0 0 3px rgba(0,184,216,.15),0 3px 15px rgba(0,184,216,.2),0 2px 5px rgba(0,0,0,.1);
}

.c32 {
  background-color: #c4183c;
  border-color: #c4183c;
  border-width: 1px;
  border-style: solid;
  border-radius: 0.25rem;
  line-height: 1.5;
  padding: 0.4286rem 0.875rem;
  font-size: 0.6875rem;
  -webkit-transition: all 250ms cubic-bezier(.27,.01,.38,1.06);
  transition: all 250ms cubic-bezier(.27,.01,.38,1.06);
  cursor: pointer;
  color: #ffffff;
}

.c32:hover {
  background-color: #ad1535;
  border-color: #ad1535;
  box-shadow: 0 5px 15px rgba(0,0,0,.05),0 4px 10px rgba(196,24,60,.25);
  color: #ffffff;
}

.c32:active {
  background-color: #ad1535;
  border-color: #97122e;
  box-shadow: inset 0 3px 5px rgba(0,0,0,.125)!important;
  color: #ffffff;
}

.c32:focus {
  box-shadow: 0 0 0 3px rgba(196,24,60,.15),0 3px 15px rgba(196,24,60,.2),0 2px 5px rgba(0,0,0,.1);
}

.c33 {
  background-color: #ffb400;
  border-color: #ffb400;
  border-width: 1px;
  border-style: solid;
  border-radius: 0.25rem;
  line-height: 1.5;
  padding: 0.4286rem 0.875rem;
  font-size: 0.6875rem;
  -webkit-transition: all 250ms cubic-bezier(.27,.01,.38,1.06);
  transition: all 250ms cubic-bezier(.27,.01,.38,1.06);
  cursor: pointer;
  color: #ffffff;
}

.c33:hover {
  background-color: #e6a200;
  border-color: #e6a200;
  box-shadow: 0 5px 15px rgba(0,0,0,.05),0 4px 10px rgba(255,180,0,.25);
  color: #ffffff;
}

.c33:active {
  background-color: #e6a200;
  border-color: #cc9000;
  box-shadow: inset 0 3px 5px rgba(0,0,0,.125)!important;
  color: #ffffff;
}

.c33:focus {
  box-shadow: 0 0 0 3px rgba(255,180,0,.15),0 3px 15px rgba(255,180,0,.2),0 2px 5px rgba(0,0,0,.1);
}

.c34 {
  background-color: #212529;
  border-color: #212529;
  border-width: 1px;
  border-style: solid;
  border-radius: 0.25rem;
  line-height: 1.5;
  padding: 0.4286rem 0.875rem;
  font-size: 0.6875rem;
  -webkit-transition: all 250ms cubic-bezier(.27,.01,.38,1.06);
  transition: all 250ms cubic-bezier(.27,.01,.38,1.06);
  cursor: pointer;
  color: #ffffff;
}

.c34:hover {
  background-color: #16181b;
  border-color: #16181b;
  box-shadow: 0 5px 15px rgba(0,0,0,.05),0 4px 10px rgba(33,37,41,.25);
  color: #ffffff;
}

.c34:active {
  background-color: #16181b;
  border-color: #0a0c0d;
  box-shadow: inset 0 3px 5px rgba(0,0,0,.125)!important;
  color: #ffffff;
}

.c34:focus {
  box-shadow: 0 0 0 3px rgba(33,37,41,.15),0 3px 15px rgba(33,37,41,.2),0 2px 5px rgba(0,0,0,.1);
}

.c35 {
  background-color: #ffffff;
  border-color: #e1e5eb;
  border-width: 1px;
  border-style: solid;
  border-radius: 0.25rem;
  line-height: 1.5;
  padding: 0.4286rem 0.875rem;
  font-size: 0.6875rem;
  -webkit-transition: all 250ms cubic-bezier(.27,.01,.38,1.06);
  transition: all 250ms cubic-bezier(.27,.01,.38,1.06);
  cursor: pointer;
  color: #5a6169;
}

.c35:hover {
  background-color: #ffffff;
  border-color: #e1e5eb;
  box-shadow: 0 0.125rem 0.625rem rgba(129,142,163,.2),0 0.0625rem 0.125rem rgba(129,142,164,.3);
  color: #5a6169;
}

.c35:active {
  background-color: #007bff;
  border-color: #007bff;
  box-shadow: inset 0 3px 5px rgba(0,0,0,.125)!important;
  color: #ffffff;
}

.c35:focus {
  box-shadow: 0 0 0 3px rgba(251,251,251,.15),0 3px 15px rgba(251,251,251,.2),0 2px 5px rgba(0,0,0,.1);
}

.c36 {
  background-color: #674eec;
  border-color: #674eec;
  border-width: 1px;
  border-style: solid;
  border-radius: 0.25rem;
  line-height: 1.5;
  padding: 0.4286rem 0.875rem;
  font-size: 0.6875rem;
  -webkit-transition: all 250ms cubic-bezier(.27,.01,.38,1.06);
  transition: all 250ms cubic-bezier(.27,.01,.38,1.06);
  cursor: pointer;
  color: #ffffff;
}

.c36:hover {
  background-color: #5337ea;
  border-color: #5337ea;
  box-shadow: 0 5px 15px rgba(0,0,0,.05),0 4px 10px rgba(103,78,236,.25);
  color: #ffffff;
}

.c36:active {
  background-color: #5337ea;
  border-color: #3f20e7;
  box-shadow: inset 0 3px 5px rgba(0,0,0,.125)!important;
  color: #ffffff;
}

.c36:focus {
  box-shadow: 0 0 0 3px rgba(103,78,236,.15),0 3px 15px rgba(103,78,236,.2),0 2px 5px rgba(0,0,0,.1);
}

.c37 {
  background-color: #1adba2;
  border-color: #1adba2;
  border-width: 1px;
  border-style: solid;
  border-radius: 0.25rem;
  line-height: 1.5;
  padding: 0.4286rem 0.875rem;
  font-size: 0.6875rem;
  -webkit-transition: all 250ms cubic-bezier(.27,.01,.38,1.06);
  transition: all 250ms cubic-bezier(.27,.01,.38,1.06);
  cursor: pointer;
  color: #ffffff;
}

.c37:hover {
  background-color: #17c491;
  border-color: #17c491;
  box-shadow: 0 5px 15px rgba(0,0,0,.05),0 4px 10px rgba(26,219,162,.25);
  color: #ffffff;
}

.c37:active {
  background-color: #17c491;
  border-color: #15ad80;
  box-shadow: inset 0 3px 5px rgba(0,0,0,.125)!important;
  color: #ffffff;
}

.c37:focus {
  box-shadow: 0 0 0 3px rgba(26,219,162,.15),0 3px 15px rgba(26,219,162,.2),0 2px 5px rgba(0,0,0,.1);
}

.c38 {
  background-color: #ff4169;
  border-color: #ff4169;
  border-width: 1px;
  border-style: solid;
  border-radius: 0.25rem;
  line-height: 1.5;
  padding: 0.4286rem 0.875rem;
  font-size: 0.6875rem;
  -webkit-transition: all 250ms cubic-bezier(.27,.01,.38,1.06);
  transition: all 250ms cubic-bezier(.27,.01,.38,1.06);
  cursor: pointer;
  color: #ffffff;
}

.c38:hover {
  background-color: #ff2855;
  border-color: #ff2855;
  box-shadow: 0 5px 15px rgba(0,0,0,.05),0 4px 10px rgba(255,65,105,.25);
  color: #ffffff;
}

.c38:active {
  background-color: #ff2855;
  border-color: #ff0e41;
  box-shadow: inset 0 3px 5px rgba(0,0,0,.125)!important;
  color: #ffffff;
}

.c38:focus {
  box-shadow: 0 0 0 3px rgba(255,65,105,.15),0 3px 15px rgba(255,65,105,.2),0 2px 5px rgba(0,0,0,.1);
}

.c39 {
  background-color: #ffffff;
  border-color: #007bff;
  border-width: 1px;
  border-style: solid;
  border-radius: 0.25rem;
  line-height: 1.5;
  padding: 0.4286rem 0.875rem;
  font-size: 0.6875rem;
  -webkit-transition: all 250ms cubic-bezier(.27,.01,.38,1.06);
  transition: all 250ms cubic-bezier(.27,.01,.38,1.06);
  cursor: pointer;
  color: #007bff;
}

.c39:hover {
  background-color: #006fe6;
  border-color: #006fe6;
  box-shadow: 0 5px 15px rgba(0,0,0,.05),0 4px 10px rgba(0,123,255,.25);
  color: #ffffff;
}

.c39:active {
  border-color: #0062cc;
  box-shadow: inset 0 3px 5px rgba(0,0,0,.125)!important;
  color: #ffffff;
}

.c39:focus {
  box-shadow: 0 0 0 3px rgba(0,123,255,.15),0 3px 15px rgba(0,123,255,.2),0 2px 5px rgba(0,0,0,.1);
}

.c40 {
  background-color: #ffffff;
  border-color: #5a6169;
  border-width: 1px;
  border-style: solid;
  border-radius: 0.25rem;
  line-height: 1.5;
  padding: 0.4286rem 0.875rem;
  font-size: 0.6875rem;
  -webkit-transition: all 250ms cubic-bezier(.27,.01,.38,1.06);
  transition: all 250ms cubic-bezier(.27,.01,.38,1.06);
  cursor: pointer;
  color: #5a6169;
}

.c40:hover {
  background-color: #4e545b;
  border-color: #4e545b;
  box-shadow: 0 5px 15px rgba(0,0,0,.05),0 4px 10px rgba(90,97,105,.25);
  color: #ffffff;
}

.c40:active {
  border-color: #42484e;
  box-shadow: inset 0 3px 5px rgba(0,0,0,.125)!important;
  color: #ffffff;
}

.c40:focus {
  box-shadow: 0 0 0 3px rgba(90,97,105,.15),0 3px 15px rgba(90,97,105,.2),0 2px 5px rgba(0,0,0,.1);
}

.c41 {
  background-color: #ffffff;
  border-color: #17c671;
  border-width: 1px;
  border-style: solid;
  border-radius: 0.25rem;
  line-height: 1.5;
  padding: 0.4286rem 0.875rem;
  font-size: 0.6875rem;
  -webkit-transition: all 250ms cubic-bezier(.27,.01,.38,1.06);
  transition: all 250ms cubic-bezier(.27,.01,.38,1.06);
  cursor: pointer;
  color: #17c671;
}

.c41:hover {
  background-color: #14af64;
  border-color: #14af64;
  box-shadow: 0 5px 15px rgba(0,0,0,.05),0 4px 10px rgba(23,198,113,.25);
  color: #ffffff;
}

.c41:active {
  border-color: #129857;
  box-shadow: inset 0 3px 5px rgba(0,0,0,.125)!important;
  color: #ffffff;
}

.c41:focus {
  box-shadow: 0 0 0 3px rgba(23,198,113,.15),0 3px 15px rgba(23,198,113,.2),0 2px 5px rgba(0,0,0,.1);
}

.c42 {
  background-color: #ffffff;
  border-color: #00b8d8;
  border-width: 1px;
  border-style: solid;
  border-radius: 0.25rem;
  line-height: 1.5;
  padding: 0.4286rem 0.875rem;
  font-size: 0.6875rem;
  -webkit-transition: all 250ms cubic-bezier(.27,.01,.38,1.06);
  transition: all 250ms cubic-bezier(.27,.01,.38,1.06);
  cursor: pointer;
  color: #00b8d8;
}

.c42:hover {
  background-color: #00a2bf;
  border-color: #00a2bf;
  box-shadow: 0 5px 15px rgba(0,0,0,.05),0 4px 10px rgba(0,184,216,.25);
  color: #ffffff;
}

.c42:active {
  border-color: #008da5;
  box-shadow: inset 0 3px 5px rgba(0,0,0,.125)!important;
  color: #ffffff;
}

.c42:focus {
  box-shadow: 0 0 0 3px rgba(0,184,216,.15),0 3px 15px rgba(0,184,216,.2),0 2px 5px rgba(0,0,0,.1);
}

.c43 {
  background-color: #ffffff;
  border-color: #c4183c;
  border-width: 1px;
  border-style: solid;
  border-radius: 0.25rem;
  line-height: 1.5;
  padding: 0.4286rem 0.875rem;
  font-size: 0.6875rem;
  -webkit-transition: all 250ms cubic-bezier(.27,.01,.38,1.06);
  transition: all 250ms cubic-bezier(.27,.01,.38,1.06);
  cursor: pointer;
  color: #c4183c;
}

.c43:hover {
  background-color: #ad1535;
  border-color: #ad1535;
  box-shadow: 0 5px 15px rgba(0,0,0,.05),0 4px 10px rgba(196,24,60,.25);
  color: #ffffff;
}

.c43:active {
  border-color: #97122e;
  box-shadow: inset 0 3px 5px rgba(0,0,0,.125)!important;
  color: #ffffff;
}

.c43:focus {
  box-shadow: 0 0 0 3px rgba(196,24,60,.15),0 3px 15px rgba(196,24,60,.2),0 2px 5px rgba(0,0,0,.1);
}

.c44 {
  background-color: #ffffff;
  border-color: #ffb400;
  border-width: 1px;
  border-style: solid;
  border-radius: 0.25rem;
  line-height: 1.5;
  padding: 0.4286rem 0.875rem;
  font-size: 0.6875rem;
  -webkit-transition: all 250ms cubic-bezier(.27,.01,.38,1.06);
  transition: all 250ms cubic-bezier(.27,.01,.38,1.06);
  cursor: pointer;
  color: #ffb400;
}

.c44:hover {
  background-color: #e6a200;
  border-color: #e6a200;
  box-shadow: 0 5px 15px rgba(0,0,0,.05),0 4px 10px rgba(255,180,0,.25);
  color: #ffffff;
}

.c44:active {
  border-color: #cc9000;
  box-shadow: inset 0 3px 5px rgba(0,0,0,.125)!important;
  color: #ffffff;
}

.c44:focus {
  box-shadow: 0 0 0 3px rgba(255,180,0,.15),0 3px 15px rgba(255,180,0,.2),0 2px 5px rgba(0,0,0,.1);
}

.c45 {
  background-color: #ffffff;
  border-color: #212529;
  border-width: 1px;
  border-style: solid;
  border-radius: 0.25rem;
  line-height: 1.5;
  padding: 0.4286rem 0.875rem;
  font-size: 0.6875rem;
  -webkit-transition: all 250ms cubic-bezier(.27,.01,.38,1.06);
  transition: all 250ms cubic-bezier(.27,.01,.38,1.06);
  cursor: pointer;
  color: #212529;
}

.c45:hover {
  background-color: #16181b;
  border-color: #16181b;
  box-shadow: 0 5px 15px rgba(0,0,0,.05),0 4px 10px rgba(33,37,41,.25);
  color: #ffffff;
}

.c45:active {
  border-color: #0a0c0d;
  box-shadow: inset 0 3px 5px rgba(0,0,0,.125)!important;
  color: #ffffff;
}

.c45:focus {
  box-shadow: 0 0 0 3px rgba(33,37,41,.15),0 3px 15px rgba(33,37,41,.2),0 2px 5px rgba(0,0,0,.1);
}

.c46 {
  background-color: #ffffff;
  border-color: transparent;
  border-width: 1px;
  border-style: solid;
  border-radius: 0.25rem;
  line-height: 1.5;
  padding: 0.4286rem 0.875rem;
  font-size: 0.6875rem;
  -webkit-transition: all 250ms cubic-bezier(.27,.01,.38,1.06);
  transition: all 250ms cubic-bezier(.27,.01,.38,1.06);
  cursor: pointer;
  color: #5a6169;
}

.c46:hover {
  background-color: #ffffff;
  border-color: transparent;
  box-shadow: 0 0.125rem 0.625rem rgba(129,142,163,.2),0 0.0625rem 0.125rem rgba(129,142,164,.3);
  color: #5a6169;
}

.c46:active {
  border-color: #007bff;
  box-shadow: inset 0 3px 5px rgba(0,0,0,.125)!important;
  color: #ffffff;
}

.c46:focus {
  box-shadow: 0 0 0 3px rgba(251,251,251,.15),0 3px 15px rgba(251,251,251,.2),0 2px 5px rgba(0,0,0,.1);
}

.c47 {
  background-color: #ffffff;
  border-color: #674eec;
  border-width: 1px;
  border-style: solid;
  border-radius: 0.25rem;
  line-height: 1.5;
  padding: 0.4286rem 0.875rem;
  font-size: 0.6875rem;
  -webkit-transition: all 250ms cubic-bezier(.27,.01,.38,1.06);
  transition: all 250ms cubic-bezier(.27,.01,.38,1.06);
  cursor: pointer;
  color: #674eec;
}

.c47:hover {
  background-color: #5337ea;
  border-color: #5337ea;
  box-shadow: 0 5px 15px rgba(0,0,0,.05),0 4px 10px rgba(103,78,236,.25);
  color: #ffffff;
}

.c47:active {
  border-color: #3f20e7;
  box-shadow: inset 0 3px 5px rgba(0,0,0,.125)!important;
  color: #ffffff;
}

.c47:focus {
  box-shadow: 0 0 0 3px rgba(103,78,236,.15),0 3px 15px rgba(103,78,236,.2),0 2px 5px rgba(0,0,0,.1);
}

.c48 {
  background-color: #ffffff;
  border-color: #1adba2;
  border-width: 1px;
  border-style: solid;
  border-radius: 0.25rem;
  line-height: 1.5;
  padding: 0.4286rem 0.875rem;
  font-size: 0.6875rem;
  -webkit-transition: all 250ms cubic-bezier(.27,.01,.38,1.06);
  transition: all 250ms cubic-bezier(.27,.01,.38,1.06);
  cursor: pointer;
  color: #1adba2;
}

.c48:hover {
  background-color: #17c491;
  border-color: #17c491;
  box-shadow: 0 5px 15px rgba(0,0,0,.05),0 4px 10px rgba(26,219,162,.25);
  color: #ffffff;
}

.c48:active {
  border-color: #15ad80;
  box-shadow: inset 0 3px 5px rgba(0,0,0,.125)!important;
  color: #ffffff;
}

.c48:focus {
  box-shadow: 0 0 0 3px rgba(26,219,162,.15),0 3px 15px rgba(26,219,162,.2),0 2px 5px rgba(0,0,0,.1);
}

.c49 {
  background-color: #ffffff;
  border-color: #ff4169;
  border-width: 1px;
  border-style: solid;
  border-radius: 0.25rem;
  line-height: 1.5;
  padding: 0.4286rem 0.875rem;
  font-size: 0.6875rem;
  -webkit-transition: all 250ms cubic-bezier(.27,.01,.38,1.06);
  transition: all 250ms cubic-bezier(.27,.01,.38,1.06);
  cursor: pointer;
  color: #ff4169;
}

.c49:hover {
  background-color: #ff2855;
  border-color: #ff2855;
  box-shadow: 0 5px 15px rgba(0,0,0,.05),0 4px 10px rgba(255,65,105,.25);
  color: #ffffff;
}

.c49:active {
  border-color: #ff0e41;
  box-shadow: inset 0 3px 5px rgba(0,0,0,.125)!important;
  color: #ffffff;
}

.c49:focus {
  box-shadow: 0 0 0 3px rgba(255,65,105,.15),0 3px 15px rgba(255,65,105,.2),0 2px 5px rgba(0,0,0,.1);
}

.c78 {
  display: -webkit-box;
  display: -webkit-flex;
  display: -ms-flexbox;
  display: flex;
  -webkit-align-items: center;
  -webkit-box-align: center;
  -ms-flex-align: center;
  align-items: center;
  cursor: pointer;
}

.c82 {
  display: -webkit-box;
  display: -webkit-flex;
  display: -ms-flexbox;
  display: flex;
  -webkit-align-items: center;
  -webkit-box-align: center;
  -ms-flex-align: center;
  align-items: center;
  cursor: not-allowed;
}

.c79 {
  box-sizing: border-box;
  padding: 0;
  position: absolute;
  z-index: -1;
  opacity: 0;
  overflow: visible;
}

.c80 {
  display: inline-block;
  box-sizing: border-box;
  color: #5a6169;
  width: 1.125rem;
  border-radius: 50%;
  height: 1.125rem;
  background-color: #ffffff;
  border: 1px solid #e1e5eb;
  -webkit-transition: all 250ms cubic-bezier(0.27,0.01,0.38,1.06);
  transition: all 250ms cubic-bezier(0.27,0.01,0.38,1.06);
  box-shadow: none;
}

input:checked + .c80 {
  border: 5px solid #007bff;
}

input[type='radio'][checked][disabled] + .c80 {
  background-color: #5a6169;
  border: 5px solid #e9ecef;
}

input:disabled + .c80 {
  background-color: #e9ecef;
}

.c81 {
  margin-left: 5px;
  color: #5a6169;
}

input:disabled ~ .c81 {
  opacity: 0.7;
  color: #5a6169;
}

.c50 {
  height: 5px;
  width: 100%;
  border-radius: 1.25rem;
  background-color: #f5f5f6;
  box-shadow: inset 0 0.1rem 0.1rem rgba(90,97,105,.15);
  overflow: hidden;
}

.c51 {
  height: 100%;
  width: 18.75%;
  line-height: .625rem;
  color: #fff;
  background-color: #007bff;
  -webkit-transition: width .6s ease;
  transition: width .6s ease;
}

.c52 {
  height: 100%;
  width: 50%;
  line-height: .625rem;
  color: #fff;
  background-color: #5a6169;
  -webkit-transition: width .6s ease;
  transition: width .6s ease;
}

.c53 {
  height: 100%;
  width: 75%;
  line-height: .625rem;
  color: #fff;
  background-color: #17c671;
  -webkit-transition: width .6s ease;
  transition: width .6s ease;
}

.c54 {
  height: 100%;
  width: 125%;
  line-height: .625rem;
  color: #fff;
  background-color: #c4183c;
  -webkit-transition: width .6s ease;
  transition: width .6s ease;
}

.c55 {
  height: 100%;
  width: 0%;
  line-height: .625rem;
  color: #fff;
  background-color: #ffb400;
  -webkit-transition: width .6s ease;
  transition: width .6s ease;
}

.c56 {
  height: 100%;
  width: 100%;
  line-height: .625rem;
  color: #fff;
  background-color: #00b8d8;
  -webkit-transition: width .6s ease;
  transition: width .6s ease;
}

.c57 {
  display: -webkit-box;
  display: -webkit-flex;
  display: -ms-flexbox;
  display: flex;
  -webkit-flex-direction: row;
  -ms-flex-direction: row;
  flex-direction: row;
  -webkit-align-items: center;
  -webkit-box-align: center;
  -ms-flex-align: center;
  align-items: center;
  cursor: pointer;
}

.c57:active > div > div {
  width: 1rem;
  left: 0.1875rem;
}

.c57:active > div {
  box-shadow: none;
}

.c61 {
  display: -webkit-box;
  display: -webkit-flex;
  display: -ms-flexbox;
  display: flex;
  -webkit-flex-direction: row;
  -ms-flex-direction: row;
  flex-direction: row;
  -webkit-align-items: center;
  -webkit-box-align: center;
  -ms-flex-align: center;
  align-items: center;
  cursor: pointer;
}

.c61:active > div > div {
  width: 1rem;
  left: 1rem;
}

.c61:active > div {
  box-shadow: none;
}

.c64 {
  display: -webkit-box;
  display: -webkit-flex;
  display: -ms-flexbox;
  display: flex;
  -webkit-flex-direction: row;
  -ms-flex-direction: row;
  flex-direction: row;
  -webkit-align-items: center;
  -webkit-box-align: center;
  -ms-flex-align: center;
  align-items: center;
  cursor: not-allowed;
}

.c64:active > div > div {
  width: 0.75rem;
  left: 0.1875rem;
}

.c64:active > div {
  box-shadow: none;
  background-color: #e9ecef;
}

.c67 {
  display: -webkit-box;
  display: -webkit-flex;
  display: -ms-flexbox;
  display: flex;
  -webkit-flex-direction: row;
  -ms-flex-direction: row;
  flex-direction: row;
  -webkit-align-items: center;
  -webkit-box-align: center;
  -ms-flex-align: center;
  align-items: center;
  cursor: not-allowed;
}

.c67:active > div > div {
  width: 0.75rem;
  left: 1.25rem;
}

.c67:active > div {
  box-shadow: none;
  background-color: #e9ecef;
}

.c58 {
  background-color: #ffffff;
  border-radius: 100px;
  border: .0625rem solid #e1e5eb;
  width: 2.1875rem;
  height: 1.125rem;
  position: relative;
  display: -webkit-box;
  display: -webkit-flex;
  display: -ms-flexbox;
  display: flex;
  -webkit-align-items: center;
  -webkit-box-align: center;
  -ms-flex-align: center;
  align-items: center;
  margin-right: 5px;
  -webkit-transition: 0.3s;
  transition: 0.3s;
  outline: none;
  box-shadow: 0 3px 8px 1px rgba(0,0,0,.2);
}

.c62 {
  background-color: #17c671;
  border-radius: 100px;
  border: .0625rem solid #17c671;
  width: 2.1875rem;
  height: 1.125rem;
  position: relative;
  display: -webkit-box;
  display: -webkit-flex;
  display: -ms-flexbox;
  display: flex;
  -webkit-align-items: center;
  -webkit-box-align: center;
  -ms-flex-align: center;
  align-items: center;
  margin-right: 5px;
  -webkit-transition: 0.3s;
  transition: 0.3s;
  outline: none;
  box-shadow: 0 3px 8px 1px rgba(0,0,0,.2);
}

.c65 {
  background-color: #ffffff;
  border-radius: 100px;
  border: .0625rem solid #e1e5eb;
  width: 2.1875rem;
  height: 1.125rem;
  position: relative;
  display: -webkit-box;
  display: -webkit-flex;
  display: -ms-flexbox;
  display: flex;
  -webkit-align-items: center;
  -webkit-box-align: center;
  -ms-flex-align: center;
  align-items: center;
  margin-right: 5px;
  -webkit-transition: 0.3s;
  transition: 0.3s;
  outline: none;
  box-shadow: none;
}

.c68 {
  background-color: #e1e5eb;
  border-radius: 100px;
  border: .0625rem solid #e1e5eb;
  width: 2.1875rem;
  height: 1.125rem;
  position: relative;
  display: -webkit-box;
  display: -webkit-flex;
  display: -ms-flexbox;
  display: flex;
  -webkit-align-items: center;
  -webkit-box-align: center;
  -ms-flex-align: center;
  align-items: center;
  margin-right: 5px;
  -webkit-transition: 0.3s;
  transition: 0.3s;
  outline: none;
  box-shadow: none;
}

.c59 {
  content: '';
  position: absolute;
  left: 0.1875rem;
  width: .75rem;
  height: .75rem;
  background-color: #e1e5eb;
  border-radius: 6.25rem;
  -webkit-transition: 0.2s ease-in-out;
  transition: 0.2s ease-in-out;
}

.c63 {
  content: '';
  position: absolute;
  left: 1.25rem;
  width: .75rem;
  height: .75rem;
  background-color: #ffffff;
  border-radius: 6.25rem;
  -webkit-transition: 0.2s ease-in-out;
  transition: 0.2s ease-in-out;
}

.c69 {
  content: '';
  position: absolute;
  left: 1.25rem;
  width: .75rem;
  height: .75rem;
  background-color: #becad6;
  border-radius: 6.25rem;
  -webkit-transition: 0.2s ease-in-out;
  transition: 0.2s ease-in-out;
}

.c60 {
  cursor: pointer;
  line-height: 15px;
  color: #5a6169;
  font-size: 15px;
}

.c66 {
  cursor: not-allowed;
  line-height: 15px;
  color: #5a6169;
  font-size: 15px;
}

.c70 {
  position: relative;
  line-height: 1.5rem;
  min-height: 1.5rem;
}

.c72 {
  box-sizing: border-box;
  padding: 0;
  position: absolute;
  z-index: -1;
  opacity: 0;
}

.c71 {
  display: -webkit-box;
  display: -webkit-flex;
  display: -ms-flexbox;
  display: flex;
  -webkit-align-items: center;
  -webkit-box-align: center;
  -ms-flex-align: center;
  align-items: center;
  cursor: pointer;
}

.c76 {
  display: -webkit-box;
  display: -webkit-flex;
  display: -ms-flexbox;
  display: flex;
  -webkit-align-items: center;
  -webkit-box-align: center;
  -ms-flex-align: center;
  align-items: center;
  cursor: not-allowed;
}

.c75 {
  margin-left: 8px;
  font-size: 1rem;
  color: #5a6169;
  opacity: 1;
}

.c77 {
  margin-left: 8px;
  font-size: 1rem;
  color: #5a6169;
  opacity: 0.7;
}

.c74 {
  fill: none;
  stroke: transparent;
  -webkit-transform: scale(0);
  -ms-transform: scale(0);
  transform: scale(0);
  stroke-width: 3px;
  -webkit-transition: -webkit-transform 250ms cubic-bezier(.27,.01,.38,1.06),border 250ms cubic-bezier(.27,.01,.38,1.06),-webkit-transform 250ms cubic-bezier(.27,.01,.38,1.06);
  -webkit-transition: transform 250ms cubic-bezier(.27,.01,.38,1.06),border 250ms cubic-bezier(.27,.01,.38,1.06),-webkit-transform 250ms cubic-bezier(.27,.01,.38,1.06);
  transition: transform 250ms cubic-bezier(.27,.01,.38,1.06),border 250ms cubic-bezier(.27,.01,.38,1.06),-webkit-transform 250ms cubic-bezier(.27,.01,.38,1.06);
  -webkit-transition-delay: .1s;
  transition-delay: .1s;
}

.c73 {
  display: inline-block;
  width: 1.125rem;
  height: 1.125rem;
  border: 1px solid #e1e5eb;
  border-radius: 2px;
  -webkit-transition: all 250ms cubic-bezier(.27,.01,.38,1.06);
  transition: all 250ms cubic-bezier(.27,.01,.38,1.06);
  box-shadow: none;
  background-color: white;
  text-align: center;
}

input:checked + .c73 {
  background-color: #5a6169;
}

input:checked + .c73 svg {
  stroke: white;
  -webkit-transform: scale(1);
  -ms-transform: scale(1);
  transform: scale(1);
}

.c1 {
  width: 300px;
  display: block;
  height: 100vh;
  border-right: 1px solid #e9ecef;
}

.c2 {
  width: 100%;
  height: 70px;
  border-bottom: 1px solid #e9ecef;
  text-align: center;
  line-height: 70px;
  color: #5a6169;
}

.c3 {
  display: -webkit-box;
  display: -webkit-flex;
  display: -ms-flexbox;
  display: flex;
  -webkit-align-items: center;
  -webkit-box-align: center;
  -ms-flex-align: center;
  align-items: center;
  width: 100%;
  height: 60px;
  border-left: 5px solid #007bff;
  border-bottom: 1px solid #e9ecef;
  padding-left: 30px;
  line-height: 60px;
  background-color: #FBFBFB;
  color: #007bff;
}

.c3:hover {
  background-color: #e9ecef;
}

.c5 {
  display: -webkit-box;
  display: -webkit-flex;
  display: -ms-flexbox;
  display: flex;
  -webkit-align-items: center;
  -webkit-box-align: center;
  -ms-flex-align: center;
  align-items: center;
  width: 100%;
  height: 60px;
  border-left: 5px solid transparent;
  border-bottom: 1px solid #e9ecef;
  padding-left: 30px;
  line-height: 60px;
  background-color: #ffffff;
  color: #5a6169;
}

.c5:hover {
  background-color: #e9ecef;
}

.c4 {
  margin-right: 10px;
}

.c0 button + button {
  margin-left: 20px;
}

<div
  class="c0"
>
  <div
    class="wrapper c1"
  >
    <div
      class="c2"
    >
      Dashboards
    </div>
    <div
      class="c3"
      data-test="panel"
      selected=""
    >
      <i
        class="material-icons c4"
      >
        edit
      </i>
      <span>
        Blog Dashboard
      </span>
    </div>
    <div
      class="c5"
      data-test="panel"
    >
      <i
        class="material-icons c4"
      >
        vertical_split
      </i>
      <span>
        Blog Posts
      </span>
    </div>
    <div
      class="c5"
      data-test="panel"
    >
      <i
        class="material-icons c4"
      >
        note_add
      </i>
      <span>
        Add New Post
      </span>
    </div>
    <div
      class="c5"
      data-test="panel"
    >
      <i
        class="material-icons c4"
      >
        view_module
      </i>
      <span>
        Forms & Components
      </span>
    </div>
    <div
      class="c5"
      data-test="panel"
    >
      <i
        class="material-icons c4"
      >
        table_chart
      </i>
      <span>
        Tables
      </span>
    </div>
    <div
      class="c5"
      data-test="panel"
    >
      <i
        class="material-icons c4"
      >
        person
      </i>
      <span>
        User Profile
      </span>
    </div>
    <div
      class="c5"
      data-test="panel"
    >
      <i
        class="material-icons c4"
      >
        error
      </i>
      <span>
        Errors
      </span>
    </div>
  </div>
  <div>
    <button
      class="c6"
      color="primary"
      fill="fill"
      type="button"
    >
      Hello
    </button>
    <button
      class="c7"
      color="secondary"
      fill="fill"
      type="button"
    >
      Hello
    </button>
    <button
      class="c8"
      color="success"
      fill="fill"
      type="button"
    >
      Hello
    </button>
    <button
      class="c9"
      color="info"
      fill="fill"
      type="button"
    >
      Hello
    </button>
    <button
      class="c10"
      color="danger"
      fill="fill"
      type="button"
    >
      Hello
    </button>
    <button
      class="c11"
      color="warning"
      fill="fill"
      type="button"
    >
      Hello
    </button>
    <button
      class="c12"
      color="dark"
      fill="fill"
      type="button"
    >
      Hello
    </button>
    <button
      class="c13"
      color="white"
      fill="fill"
      type="button"
    >
      Hello
    </button>
    <button
      class="c14"
      color="royalBlue"
      fill="fill"
      type="button"
    >
      Hello
    </button>
    <button
      class="c15"
      color="java"
      fill="fill"
      type="button"
    >
      Hello
    </button>
    <button
      class="c16"
      color="salmon"
      fill="fill"
      type="button"
    >
      Hello
    </button>
  </div>
  <div>
    <button
      class="c17"
      color="primary"
      fill="outline"
      type="button"
    >
      Hello
    </button>
    <button
      class="c18"
      color="secondary"
      fill="outline"
      type="button"
    >
      Hello
    </button>
    <button
      class="c19"
      color="success"
      fill="outline"
      type="button"
    >
      Hello
    </button>
    <button
      class="c20"
      color="info"
      fill="outline"
      type="button"
    >
      Hello
    </button>
    <button
      class="c21"
      color="danger"
      fill="outline"
      type="button"
    >
      Hello
    </button>
    <button
      class="c22"
      color="warning"
      fill="outline"
      type="button"
    >
      Hello
    </button>
    <button
      class="c23"
      color="dark"
      fill="outline"
      type="button"
    >
      Hello
    </button>
    <button
      class="c24"
      color="white"
      fill="outline"
      type="button"
    >
      Hello
    </button>
    <button
      class="c25"
      color="royalBlue"
      fill="outline"
      type="button"
    >
      Hello
    </button>
    <button
      class="c26"
      color="java"
      fill="outline"
      type="button"
    >
      Hello
    </button>
    <button
      class="c27"
      color="salmon"
      fill="outline"
      type="button"
    >
      Hello
    </button>
  </div>
  <div>
    <button
      class="c28"
      color="primary"
      fill="fill"
      type="button"
    >
      Hello
    </button>
    <button
      class="c29"
      color="secondary"
      fill="fill"
      type="button"
    >
      Hello
    </button>
    <button
      class="c30"
      color="success"
      fill="fill"
      type="button"
    >
      Hello
    </button>
    <button
      class="c31"
      color="info"
      fill="fill"
      type="button"
    >
      Hello
    </button>
    <button
      class="c32"
      color="danger"
      fill="fill"
      type="button"
    >
      Hello
    </button>
    <button
      class="c33"
      color="warning"
      fill="fill"
      type="button"
    >
      Hello
    </button>
    <button
      class="c34"
      color="dark"
      fill="fill"
      type="button"
    >
      Hello
    </button>
    <button
      class="c35"
      color="white"
      fill="fill"
      type="button"
    >
      Hello
    </button>
    <button
      class="c36"
      color="royalBlue"
      fill="fill"
      type="button"
    >
      Hello
    </button>
    <button
      class="c37"
      color="java"
      fill="fill"
      type="button"
    >
      Hello
    </button>
    <button
      class="c38"
      color="salmon"
      fill="fill"
      type="button"
    >
      Hello
    </button>
  </div>
  <div>
    <button
      class="c39"
      color="primary"
      fill="outline"
      type="button"
    >
      Hello
    </button>
    <button
      class="c40"
      color="secondary"
      fill="outline"
      type="button"
    >
      Hello
    </button>
    <button
      class="c41"
      color="success"
      fill="outline"
      type="button"
    >
      Hello
    </button>
    <button
      class="c42"
      color="info"
      fill="outline"
      type="button"
    >
      Hello
    </button>
    <button
      class="c43"
      color="danger"
      fill="outline"
      type="button"
    >
      Hello
    </button>
    <button
      class="c44"
      color="warning"
      fill="outline"
      type="button"
    >
      Hello
    </button>
    <button
      class="c45"
      color="dark"
      fill="outline"
      type="button"
    >
      Hello
    </button>
    <button
      class="c46"
      color="white"
      fill="outline"
      type="button"
    >
      Hello
    </button>
    <button
      class="c47"
      color="royalBlue"
      fill="outline"
      type="button"
    >
      Hello
    </button>
    <button
      class="c48"
      color="java"
      fill="outline"
      type="button"
    >
      Hello
    </button>
    <button
      class="c49"
      color="salmon"
      fill="outline"
      type="button"
    >
      Hello
    </button>
  </div>
  <div>
    <div
      class="c50"
      color="primary"
      max="200"
      min="-200"
      value="-125"
    >
      <div
        class="c51"
        color="primary"
        max="200"
        min="-200"
        value="-125"
      />
    </div>
    <div
      class="c50"
      color="secondary"
      max="50"
      min="0"
      value="25"
    >
      <div
        class="c52"
        color="secondary"
        max="50"
        min="0"
        value="25"
      />
    </div>
    <div
      class="c50"
      color="success"
      max="150"
      min="50"
      value="125"
    >
      <div
        class="c53"
        color="success"
        max="150"
        min="50"
        value="125"
      />
    </div>
    <div
      class="c50"
      color="danger"
      max="25"
      min="5"
      value="30"
    >
      <div
        class="c54"
        color="danger"
        max="25"
        min="5"
        value="30"
      />
    </div>
    <div
      class="c50"
      color="warning"
      max="25"
      min="5"
      value="4"
    >
      <div
        class="c55"
        color="warning"
        max="25"
        min="5"
        value="4"
      />
    </div>
    <div
      class="c50"
      color="info"
      max="150"
      min="250"
      value="175"
    >
      <div
        class="c56"
        color="info"
        max="150"
        min="250"
        value="175"
      />
    </div>
  </div>
  <div>
    <div
      class="c57"
    >
      <div
        class="c58"
      >
        <div
          class="c59"
        />
      </div>
      <label
        class="c60"
      >
        test
      </label>
    </div>
    <div
      checked=""
      class="c61"
    >
      <div
        checked=""
        class="c62"
      >
        <div
          checked=""
          class="c63"
        />
      </div>
    </div>
    <div
      class="c64"
    >
      <div
        class="c65"
      >
        <div
          class="c59"
        />
      </div>
      <label
        class="c66"
      >
        disabled
      </label>
    </div>
    <div
      checked=""
      class="c67"
    >
      <div
        checked=""
        class="c68"
      >
        <div
          checked=""
          class="c69"
        />
      </div>
      <label
        checked=""
        class="c66"
      >
        disabled
      </label>
    </div>
  </div>
  <div>
    <div
      class="c70"
      label="label text"
    >
      <label
        class="c71"
        label="label text"
      >
        <input
          checked=""
          class="c72"
          label="label text"
          type="checkbox"
        />
        <div
          class="c73"
          label="label text"
        >
          <svg
            class="c74"
            viewBox="0 0 24 24"
          >
            <polyline
              points="20 6 9 17 4 12"
            />
          </svg>
        </div>
        <span
          class="c75"
          label="label text"
        >
          label text
        </span>
      </label>
    </div>
    <div
      class="c70"
      label="label text"
    >
      <label
        class="c71"
        label="label text"
      >
        <input
          class="c72"
          label="label text"
          type="checkbox"
        />
        <div
          class="c73"
          label="label text"
        >
          <svg
            class="c74"
            viewBox="0 0 24 24"
          >
            <polyline
              points="20 6 9 17 4 12"
            />
          </svg>
        </div>
        <span
          class="c75"
          label="label text"
        >
          label text
        </span>
      </label>
    </div>
    <div
      class="c70"
      disabled=""
      label="label text"
    >
      <label
        class="c76"
        disabled=""
        label="label text"
      >
        <input
          class="c72"
          disabled=""
          label="label text"
          type="checkbox"
        />
        <div
          class="c73"
          disabled=""
          label="label text"
        >
          <svg
            class="c74"
            viewBox="0 0 24 24"
          >
            <polyline
              points="20 6 9 17 4 12"
            />
          </svg>
        </div>
        <span
          class="c77"
          disabled=""
          label="label text"
        >
          label text
        </span>
      </label>
    </div>
    <div
      class="c70"
      disabled=""
      label="label text"
    >
      <label
        class="c76"
        disabled=""
        label="label text"
      >
        <input
          checked=""
          class="c72"
          disabled=""
          label="label text"
          type="checkbox"
        />
        <div
          class="c73"
          disabled=""
          label="label text"
        >
          <svg
            class="c74"
            viewBox="0 0 24 24"
          >
            <polyline
              points="20 6 9 17 4 12"
            />
          </svg>
        </div>
        <span
          class="c77"
          disabled=""
          label="label text"
        >
          label text
        </span>
      </label>
    </div>
  </div>
  <div>
    <label
      class="c78"
    >
      <input
        class="c79"
        type="radio"
      />
      <span
        class="c80"
      />
      <span
        class="c81"
      >
        title
      </span>
    </label>
    <label
      class="c78"
    >
      <input
        checked=""
        class="c79"
        type="radio"
      />
      <span
        class="c80"
      />
      <span
        class="c81"
      >
        title
      </span>
    </label>
    <label
      class="c82"
      disabled=""
    >
      <input
        class="c79"
        disabled=""
        type="radio"
      />
      <span
        class="c80"
      />
      <span
        class="c81"
      >
        title
      </span>
    </label>
    <label
      class="c82"
      disabled=""
    >
      <input
        checked=""
        class="c79"
        disabled=""
        type="radio"
      />
      <span
        class="c80"
      />
      <span
        class="c81"
      >
        title
      </span>
    </label>
  </div>
</div>
`;
