// Jest Snapshot v1, https://goo.gl/fbAQLP

exports[`TestPageContainer snapshot 1`] = `
.c11 {
  background-color: #007bff;
  border-color: #007bff;
  border-width: 1px;
  border-style: solid;
  border-radius: 0.25rem;
  line-height: 1.125;
  padding: .5625rem 1rem;
  font-size: .75rem;
  -webkit-transition: all 250ms cubic-bezier(.27,.01,.38,1.06);
  transition: all 250ms cubic-bezier(.27,.01,.38,1.06);
  cursor: pointer;
  color: #ffffff;
}

.c11:hover {
  background-color: #006fe6;
  border-color: #006fe6;
  box-shadow: 0 5px 15px rgba(0,0,0,.05),0 4px 10px rgba(0,123,255,.25);
  color: #ffffff;
}

.c11:active {
  background-color: #006fe6;
  border-color: #0062cc;
  box-shadow: inset 0 3px 5px rgba(0,0,0,.125)!important;
  color: #ffffff;
}

.c11:focus {
  box-shadow: 0 0 0 3px rgba(0,123,255,.15),0 3px 15px rgba(0,123,255,.2),0 2px 5px rgba(0,0,0,.1);
}

.c12 {
  background-color: #5a6169;
  border-color: #5a6169;
  border-width: 1px;
  border-style: solid;
  border-radius: 0.25rem;
  line-height: 1.125;
  padding: .5625rem 1rem;
  font-size: .75rem;
  -webkit-transition: all 250ms cubic-bezier(.27,.01,.38,1.06);
  transition: all 250ms cubic-bezier(.27,.01,.38,1.06);
  cursor: pointer;
  color: #ffffff;
}

.c12:hover {
  background-color: #4e545b;
  border-color: #4e545b;
  box-shadow: 0 5px 15px rgba(0,0,0,.05),0 4px 10px rgba(90,97,105,.25);
  color: #ffffff;
}

.c12:active {
  background-color: #4e545b;
  border-color: #42484e;
  box-shadow: inset 0 3px 5px rgba(0,0,0,.125)!important;
  color: #ffffff;
}

.c12:focus {
  box-shadow: 0 0 0 3px rgba(90,97,105,.15),0 3px 15px rgba(90,97,105,.2),0 2px 5px rgba(0,0,0,.1);
}

.c13 {
  background-color: #17c671;
  border-color: #17c671;
  border-width: 1px;
  border-style: solid;
  border-radius: 0.25rem;
  line-height: 1.125;
  padding: .5625rem 1rem;
  font-size: .75rem;
  -webkit-transition: all 250ms cubic-bezier(.27,.01,.38,1.06);
  transition: all 250ms cubic-bezier(.27,.01,.38,1.06);
  cursor: pointer;
  color: #ffffff;
}

.c13:hover {
  background-color: #14af64;
  border-color: #14af64;
  box-shadow: 0 5px 15px rgba(0,0,0,.05),0 4px 10px rgba(23,198,113,.25);
  color: #ffffff;
}

.c13:active {
  background-color: #14af64;
  border-color: #129857;
  box-shadow: inset 0 3px 5px rgba(0,0,0,.125)!important;
  color: #ffffff;
}

.c13:focus {
  box-shadow: 0 0 0 3px rgba(23,198,113,.15),0 3px 15px rgba(23,198,113,.2),0 2px 5px rgba(0,0,0,.1);
}

.c14 {
  background-color: #00b8d8;
  border-color: #00b8d8;
  border-width: 1px;
  border-style: solid;
  border-radius: 0.25rem;
  line-height: 1.125;
  padding: .5625rem 1rem;
  font-size: .75rem;
  -webkit-transition: all 250ms cubic-bezier(.27,.01,.38,1.06);
  transition: all 250ms cubic-bezier(.27,.01,.38,1.06);
  cursor: pointer;
  color: #ffffff;
}

.c14:hover {
  background-color: #00a2bf;
  border-color: #00a2bf;
  box-shadow: 0 5px 15px rgba(0,0,0,.05),0 4px 10px rgba(0,184,216,.25);
  color: #ffffff;
}

.c14:active {
  background-color: #00a2bf;
  border-color: #008da5;
  box-shadow: inset 0 3px 5px rgba(0,0,0,.125)!important;
  color: #ffffff;
}

.c14:focus {
  box-shadow: 0 0 0 3px rgba(0,184,216,.15),0 3px 15px rgba(0,184,216,.2),0 2px 5px rgba(0,0,0,.1);
}

.c15 {
  background-color: #c4183c;
  border-color: #c4183c;
  border-width: 1px;
  border-style: solid;
  border-radius: 0.25rem;
  line-height: 1.125;
  padding: .5625rem 1rem;
  font-size: .75rem;
  -webkit-transition: all 250ms cubic-bezier(.27,.01,.38,1.06);
  transition: all 250ms cubic-bezier(.27,.01,.38,1.06);
  cursor: pointer;
  color: #ffffff;
}

.c15:hover {
  background-color: #ad1535;
  border-color: #ad1535;
  box-shadow: 0 5px 15px rgba(0,0,0,.05),0 4px 10px rgba(196,24,60,.25);
  color: #ffffff;
}

.c15:active {
  background-color: #ad1535;
  border-color: #97122e;
  box-shadow: inset 0 3px 5px rgba(0,0,0,.125)!important;
  color: #ffffff;
}

.c15:focus {
  box-shadow: 0 0 0 3px rgba(196,24,60,.15),0 3px 15px rgba(196,24,60,.2),0 2px 5px rgba(0,0,0,.1);
}

.c16 {
  background-color: #ffb400;
  border-color: #ffb400;
  border-width: 1px;
  border-style: solid;
  border-radius: 0.25rem;
  line-height: 1.125;
  padding: .5625rem 1rem;
  font-size: .75rem;
  -webkit-transition: all 250ms cubic-bezier(.27,.01,.38,1.06);
  transition: all 250ms cubic-bezier(.27,.01,.38,1.06);
  cursor: pointer;
  color: #ffffff;
}

.c16:hover {
  background-color: #e6a200;
  border-color: #e6a200;
  box-shadow: 0 5px 15px rgba(0,0,0,.05),0 4px 10px rgba(255,180,0,.25);
  color: #ffffff;
}

.c16:active {
  background-color: #e6a200;
  border-color: #cc9000;
  box-shadow: inset 0 3px 5px rgba(0,0,0,.125)!important;
  color: #ffffff;
}

.c16:focus {
  box-shadow: 0 0 0 3px rgba(255,180,0,.15),0 3px 15px rgba(255,180,0,.2),0 2px 5px rgba(0,0,0,.1);
}

.c17 {
  background-color: #212529;
  border-color: #212529;
  border-width: 1px;
  border-style: solid;
  border-radius: 0.25rem;
  line-height: 1.125;
  padding: .5625rem 1rem;
  font-size: .75rem;
  -webkit-transition: all 250ms cubic-bezier(.27,.01,.38,1.06);
  transition: all 250ms cubic-bezier(.27,.01,.38,1.06);
  cursor: pointer;
  color: #ffffff;
}

.c17:hover {
  background-color: #16181b;
  border-color: #16181b;
  box-shadow: 0 5px 15px rgba(0,0,0,.05),0 4px 10px rgba(33,37,41,.25);
  color: #ffffff;
}

.c17:active {
  background-color: #16181b;
  border-color: #0a0c0d;
  box-shadow: inset 0 3px 5px rgba(0,0,0,.125)!important;
  color: #ffffff;
}

.c17:focus {
  box-shadow: 0 0 0 3px rgba(33,37,41,.15),0 3px 15px rgba(33,37,41,.2),0 2px 5px rgba(0,0,0,.1);
}

.c18 {
  background-color: #ffffff;
  border-color: #e1e5eb;
  border-width: 1px;
  border-style: solid;
  border-radius: 0.25rem;
  line-height: 1.125;
  padding: .5625rem 1rem;
  font-size: .75rem;
  -webkit-transition: all 250ms cubic-bezier(.27,.01,.38,1.06);
  transition: all 250ms cubic-bezier(.27,.01,.38,1.06);
  cursor: pointer;
  color: #5a6169;
}

.c18:hover {
  background-color: #ffffff;
  border-color: #e1e5eb;
  box-shadow: 0 0.125rem 0.625rem rgba(129,142,163,.2),0 0.0625rem 0.125rem rgba(129,142,164,.3);
  color: #5a6169;
}

.c18:active {
  background-color: #007bff;
  border-color: #007bff;
  box-shadow: inset 0 3px 5px rgba(0,0,0,.125)!important;
  color: #ffffff;
}

.c18:focus {
  box-shadow: 0 0 0 3px rgba(251,251,251,.15),0 3px 15px rgba(251,251,251,.2),0 2px 5px rgba(0,0,0,.1);
}

.c19 {
  background-color: #674eec;
  border-color: #674eec;
  border-width: 1px;
  border-style: solid;
  border-radius: 0.25rem;
  line-height: 1.125;
  padding: .5625rem 1rem;
  font-size: .75rem;
  -webkit-transition: all 250ms cubic-bezier(.27,.01,.38,1.06);
  transition: all 250ms cubic-bezier(.27,.01,.38,1.06);
  cursor: pointer;
  color: #ffffff;
}

.c19:hover {
  background-color: #5337ea;
  border-color: #5337ea;
  box-shadow: 0 5px 15px rgba(0,0,0,.05),0 4px 10px rgba(103,78,236,.25);
  color: #ffffff;
}

.c19:active {
  background-color: #5337ea;
  border-color: #3f20e7;
  box-shadow: inset 0 3px 5px rgba(0,0,0,.125)!important;
  color: #ffffff;
}

.c19:focus {
  box-shadow: 0 0 0 3px rgba(103,78,236,.15),0 3px 15px rgba(103,78,236,.2),0 2px 5px rgba(0,0,0,.1);
}

.c20 {
  background-color: #1adba2;
  border-color: #1adba2;
  border-width: 1px;
  border-style: solid;
  border-radius: 0.25rem;
  line-height: 1.125;
  padding: .5625rem 1rem;
  font-size: .75rem;
  -webkit-transition: all 250ms cubic-bezier(.27,.01,.38,1.06);
  transition: all 250ms cubic-bezier(.27,.01,.38,1.06);
  cursor: pointer;
  color: #ffffff;
}

.c20:hover {
  background-color: #17c491;
  border-color: #17c491;
  box-shadow: 0 5px 15px rgba(0,0,0,.05),0 4px 10px rgba(26,219,162,.25);
  color: #ffffff;
}

.c20:active {
  background-color: #17c491;
  border-color: #15ad80;
  box-shadow: inset 0 3px 5px rgba(0,0,0,.125)!important;
  color: #ffffff;
}

.c20:focus {
  box-shadow: 0 0 0 3px rgba(26,219,162,.15),0 3px 15px rgba(26,219,162,.2),0 2px 5px rgba(0,0,0,.1);
}

.c21 {
  background-color: #ff4169;
  border-color: #ff4169;
  border-width: 1px;
  border-style: solid;
  border-radius: 0.25rem;
  line-height: 1.125;
  padding: .5625rem 1rem;
  font-size: .75rem;
  -webkit-transition: all 250ms cubic-bezier(.27,.01,.38,1.06);
  transition: all 250ms cubic-bezier(.27,.01,.38,1.06);
  cursor: pointer;
  color: #ffffff;
}

.c21:hover {
  background-color: #ff2855;
  border-color: #ff2855;
  box-shadow: 0 5px 15px rgba(0,0,0,.05),0 4px 10px rgba(255,65,105,.25);
  color: #ffffff;
}

.c21:active {
  background-color: #ff2855;
  border-color: #ff0e41;
  box-shadow: inset 0 3px 5px rgba(0,0,0,.125)!important;
  color: #ffffff;
}

.c21:focus {
  box-shadow: 0 0 0 3px rgba(255,65,105,.15),0 3px 15px rgba(255,65,105,.2),0 2px 5px rgba(0,0,0,.1);
}

.c22 {
  background-color: #ffffff;
  border-color: #007bff;
  border-width: 1px;
  border-style: solid;
  border-radius: 0.25rem;
  line-height: 1.125;
  padding: .5625rem 1rem;
  font-size: .75rem;
  -webkit-transition: all 250ms cubic-bezier(.27,.01,.38,1.06);
  transition: all 250ms cubic-bezier(.27,.01,.38,1.06);
  cursor: pointer;
  color: #007bff;
}

.c22:hover {
  background-color: #006fe6;
  border-color: #006fe6;
  box-shadow: 0 5px 15px rgba(0,0,0,.05),0 4px 10px rgba(0,123,255,.25);
  color: #ffffff;
}

.c22:active {
  border-color: #0062cc;
  box-shadow: inset 0 3px 5px rgba(0,0,0,.125)!important;
  color: #ffffff;
}

.c22:focus {
  box-shadow: 0 0 0 3px rgba(0,123,255,.15),0 3px 15px rgba(0,123,255,.2),0 2px 5px rgba(0,0,0,.1);
}

.c23 {
  background-color: #ffffff;
  border-color: #5a6169;
  border-width: 1px;
  border-style: solid;
  border-radius: 0.25rem;
  line-height: 1.125;
  padding: .5625rem 1rem;
  font-size: .75rem;
  -webkit-transition: all 250ms cubic-bezier(.27,.01,.38,1.06);
  transition: all 250ms cubic-bezier(.27,.01,.38,1.06);
  cursor: pointer;
  color: #5a6169;
}

.c23:hover {
  background-color: #4e545b;
  border-color: #4e545b;
  box-shadow: 0 5px 15px rgba(0,0,0,.05),0 4px 10px rgba(90,97,105,.25);
  color: #ffffff;
}

.c23:active {
  border-color: #42484e;
  box-shadow: inset 0 3px 5px rgba(0,0,0,.125)!important;
  color: #ffffff;
}

.c23:focus {
  box-shadow: 0 0 0 3px rgba(90,97,105,.15),0 3px 15px rgba(90,97,105,.2),0 2px 5px rgba(0,0,0,.1);
}

.c24 {
  background-color: #ffffff;
  border-color: #17c671;
  border-width: 1px;
  border-style: solid;
  border-radius: 0.25rem;
  line-height: 1.125;
  padding: .5625rem 1rem;
  font-size: .75rem;
  -webkit-transition: all 250ms cubic-bezier(.27,.01,.38,1.06);
  transition: all 250ms cubic-bezier(.27,.01,.38,1.06);
  cursor: pointer;
  color: #17c671;
}

.c24:hover {
  background-color: #14af64;
  border-color: #14af64;
  box-shadow: 0 5px 15px rgba(0,0,0,.05),0 4px 10px rgba(23,198,113,.25);
  color: #ffffff;
}

.c24:active {
  border-color: #129857;
  box-shadow: inset 0 3px 5px rgba(0,0,0,.125)!important;
  color: #ffffff;
}

.c24:focus {
  box-shadow: 0 0 0 3px rgba(23,198,113,.15),0 3px 15px rgba(23,198,113,.2),0 2px 5px rgba(0,0,0,.1);
}

.c25 {
  background-color: #ffffff;
  border-color: #00b8d8;
  border-width: 1px;
  border-style: solid;
  border-radius: 0.25rem;
  line-height: 1.125;
  padding: .5625rem 1rem;
  font-size: .75rem;
  -webkit-transition: all 250ms cubic-bezier(.27,.01,.38,1.06);
  transition: all 250ms cubic-bezier(.27,.01,.38,1.06);
  cursor: pointer;
  color: #00b8d8;
}

.c25:hover {
  background-color: #00a2bf;
  border-color: #00a2bf;
  box-shadow: 0 5px 15px rgba(0,0,0,.05),0 4px 10px rgba(0,184,216,.25);
  color: #ffffff;
}

.c25:active {
  border-color: #008da5;
  box-shadow: inset 0 3px 5px rgba(0,0,0,.125)!important;
  color: #ffffff;
}

.c25:focus {
  box-shadow: 0 0 0 3px rgba(0,184,216,.15),0 3px 15px rgba(0,184,216,.2),0 2px 5px rgba(0,0,0,.1);
}

.c26 {
  background-color: #ffffff;
  border-color: #c4183c;
  border-width: 1px;
  border-style: solid;
  border-radius: 0.25rem;
  line-height: 1.125;
  padding: .5625rem 1rem;
  font-size: .75rem;
  -webkit-transition: all 250ms cubic-bezier(.27,.01,.38,1.06);
  transition: all 250ms cubic-bezier(.27,.01,.38,1.06);
  cursor: pointer;
  color: #c4183c;
}

.c26:hover {
  background-color: #ad1535;
  border-color: #ad1535;
  box-shadow: 0 5px 15px rgba(0,0,0,.05),0 4px 10px rgba(196,24,60,.25);
  color: #ffffff;
}

.c26:active {
  border-color: #97122e;
  box-shadow: inset 0 3px 5px rgba(0,0,0,.125)!important;
  color: #ffffff;
}

.c26:focus {
  box-shadow: 0 0 0 3px rgba(196,24,60,.15),0 3px 15px rgba(196,24,60,.2),0 2px 5px rgba(0,0,0,.1);
}

.c27 {
  background-color: #ffffff;
  border-color: #ffb400;
  border-width: 1px;
  border-style: solid;
  border-radius: 0.25rem;
  line-height: 1.125;
  padding: .5625rem 1rem;
  font-size: .75rem;
  -webkit-transition: all 250ms cubic-bezier(.27,.01,.38,1.06);
  transition: all 250ms cubic-bezier(.27,.01,.38,1.06);
  cursor: pointer;
  color: #ffb400;
}

.c27:hover {
  background-color: #e6a200;
  border-color: #e6a200;
  box-shadow: 0 5px 15px rgba(0,0,0,.05),0 4px 10px rgba(255,180,0,.25);
  color: #ffffff;
}

.c27:active {
  border-color: #cc9000;
  box-shadow: inset 0 3px 5px rgba(0,0,0,.125)!important;
  color: #ffffff;
}

.c27:focus {
  box-shadow: 0 0 0 3px rgba(255,180,0,.15),0 3px 15px rgba(255,180,0,.2),0 2px 5px rgba(0,0,0,.1);
}

.c28 {
  background-color: #ffffff;
  border-color: #212529;
  border-width: 1px;
  border-style: solid;
  border-radius: 0.25rem;
  line-height: 1.125;
  padding: .5625rem 1rem;
  font-size: .75rem;
  -webkit-transition: all 250ms cubic-bezier(.27,.01,.38,1.06);
  transition: all 250ms cubic-bezier(.27,.01,.38,1.06);
  cursor: pointer;
  color: #212529;
}

.c28:hover {
  background-color: #16181b;
  border-color: #16181b;
  box-shadow: 0 5px 15px rgba(0,0,0,.05),0 4px 10px rgba(33,37,41,.25);
  color: #ffffff;
}

.c28:active {
  border-color: #0a0c0d;
  box-shadow: inset 0 3px 5px rgba(0,0,0,.125)!important;
  color: #ffffff;
}

.c28:focus {
  box-shadow: 0 0 0 3px rgba(33,37,41,.15),0 3px 15px rgba(33,37,41,.2),0 2px 5px rgba(0,0,0,.1);
}

.c29 {
  background-color: #ffffff;
  border-color: transparent;
  border-width: 1px;
  border-style: solid;
  border-radius: 0.25rem;
  line-height: 1.125;
  padding: .5625rem 1rem;
  font-size: .75rem;
  -webkit-transition: all 250ms cubic-bezier(.27,.01,.38,1.06);
  transition: all 250ms cubic-bezier(.27,.01,.38,1.06);
  cursor: pointer;
  color: #5a6169;
}

.c29:hover {
  background-color: #ffffff;
  border-color: transparent;
  box-shadow: 0 0.125rem 0.625rem rgba(129,142,163,.2),0 0.0625rem 0.125rem rgba(129,142,164,.3);
  color: #5a6169;
}

.c29:active {
  border-color: #007bff;
  box-shadow: inset 0 3px 5px rgba(0,0,0,.125)!important;
  color: #ffffff;
}

.c29:focus {
  box-shadow: 0 0 0 3px rgba(251,251,251,.15),0 3px 15px rgba(251,251,251,.2),0 2px 5px rgba(0,0,0,.1);
}

.c30 {
  background-color: #ffffff;
  border-color: #674eec;
  border-width: 1px;
  border-style: solid;
  border-radius: 0.25rem;
  line-height: 1.125;
  padding: .5625rem 1rem;
  font-size: .75rem;
  -webkit-transition: all 250ms cubic-bezier(.27,.01,.38,1.06);
  transition: all 250ms cubic-bezier(.27,.01,.38,1.06);
  cursor: pointer;
  color: #674eec;
}

.c30:hover {
  background-color: #5337ea;
  border-color: #5337ea;
  box-shadow: 0 5px 15px rgba(0,0,0,.05),0 4px 10px rgba(103,78,236,.25);
  color: #ffffff;
}

.c30:active {
  border-color: #3f20e7;
  box-shadow: inset 0 3px 5px rgba(0,0,0,.125)!important;
  color: #ffffff;
}

.c30:focus {
  box-shadow: 0 0 0 3px rgba(103,78,236,.15),0 3px 15px rgba(103,78,236,.2),0 2px 5px rgba(0,0,0,.1);
}

.c31 {
  background-color: #ffffff;
  border-color: #1adba2;
  border-width: 1px;
  border-style: solid;
  border-radius: 0.25rem;
  line-height: 1.125;
  padding: .5625rem 1rem;
  font-size: .75rem;
  -webkit-transition: all 250ms cubic-bezier(.27,.01,.38,1.06);
  transition: all 250ms cubic-bezier(.27,.01,.38,1.06);
  cursor: pointer;
  color: #1adba2;
}

.c31:hover {
  background-color: #17c491;
  border-color: #17c491;
  box-shadow: 0 5px 15px rgba(0,0,0,.05),0 4px 10px rgba(26,219,162,.25);
  color: #ffffff;
}

.c31:active {
  border-color: #15ad80;
  box-shadow: inset 0 3px 5px rgba(0,0,0,.125)!important;
  color: #ffffff;
}

.c31:focus {
  box-shadow: 0 0 0 3px rgba(26,219,162,.15),0 3px 15px rgba(26,219,162,.2),0 2px 5px rgba(0,0,0,.1);
}

.c32 {
  background-color: #ffffff;
  border-color: #ff4169;
  border-width: 1px;
  border-style: solid;
  border-radius: 0.25rem;
  line-height: 1.125;
  padding: .5625rem 1rem;
  font-size: .75rem;
  -webkit-transition: all 250ms cubic-bezier(.27,.01,.38,1.06);
  transition: all 250ms cubic-bezier(.27,.01,.38,1.06);
  cursor: pointer;
  color: #ff4169;
}

.c32:hover {
  background-color: #ff2855;
  border-color: #ff2855;
  box-shadow: 0 5px 15px rgba(0,0,0,.05),0 4px 10px rgba(255,65,105,.25);
  color: #ffffff;
}

.c32:active {
  border-color: #ff0e41;
  box-shadow: inset 0 3px 5px rgba(0,0,0,.125)!important;
  color: #ffffff;
}

.c32:focus {
  box-shadow: 0 0 0 3px rgba(255,65,105,.15),0 3px 15px rgba(255,65,105,.2),0 2px 5px rgba(0,0,0,.1);
}

.c33 {
  background-color: #007bff;
  border-color: #007bff;
  border-width: 1px;
  border-style: solid;
  border-radius: 0.25rem;
  line-height: 1.5;
  padding: 0.4286rem 0.875rem;
  font-size: 0.6875rem;
  -webkit-transition: all 250ms cubic-bezier(.27,.01,.38,1.06);
  transition: all 250ms cubic-bezier(.27,.01,.38,1.06);
  cursor: pointer;
  color: #ffffff;
}

.c33:hover {
  background-color: #006fe6;
  border-color: #006fe6;
  box-shadow: 0 5px 15px rgba(0,0,0,.05),0 4px 10px rgba(0,123,255,.25);
  color: #ffffff;
}

.c33:active {
  background-color: #006fe6;
  border-color: #0062cc;
  box-shadow: inset 0 3px 5px rgba(0,0,0,.125)!important;
  color: #ffffff;
}

.c33:focus {
  box-shadow: 0 0 0 3px rgba(0,123,255,.15),0 3px 15px rgba(0,123,255,.2),0 2px 5px rgba(0,0,0,.1);
}

.c34 {
  background-color: #5a6169;
  border-color: #5a6169;
  border-width: 1px;
  border-style: solid;
  border-radius: 0.25rem;
  line-height: 1.5;
  padding: 0.4286rem 0.875rem;
  font-size: 0.6875rem;
  -webkit-transition: all 250ms cubic-bezier(.27,.01,.38,1.06);
  transition: all 250ms cubic-bezier(.27,.01,.38,1.06);
  cursor: pointer;
  color: #ffffff;
}

.c34:hover {
  background-color: #4e545b;
  border-color: #4e545b;
  box-shadow: 0 5px 15px rgba(0,0,0,.05),0 4px 10px rgba(90,97,105,.25);
  color: #ffffff;
}

.c34:active {
  background-color: #4e545b;
  border-color: #42484e;
  box-shadow: inset 0 3px 5px rgba(0,0,0,.125)!important;
  color: #ffffff;
}

.c34:focus {
  box-shadow: 0 0 0 3px rgba(90,97,105,.15),0 3px 15px rgba(90,97,105,.2),0 2px 5px rgba(0,0,0,.1);
}

.c35 {
  background-color: #17c671;
  border-color: #17c671;
  border-width: 1px;
  border-style: solid;
  border-radius: 0.25rem;
  line-height: 1.5;
  padding: 0.4286rem 0.875rem;
  font-size: 0.6875rem;
  -webkit-transition: all 250ms cubic-bezier(.27,.01,.38,1.06);
  transition: all 250ms cubic-bezier(.27,.01,.38,1.06);
  cursor: pointer;
  color: #ffffff;
}

.c35:hover {
  background-color: #14af64;
  border-color: #14af64;
  box-shadow: 0 5px 15px rgba(0,0,0,.05),0 4px 10px rgba(23,198,113,.25);
  color: #ffffff;
}

.c35:active {
  background-color: #14af64;
  border-color: #129857;
  box-shadow: inset 0 3px 5px rgba(0,0,0,.125)!important;
  color: #ffffff;
}

.c35:focus {
  box-shadow: 0 0 0 3px rgba(23,198,113,.15),0 3px 15px rgba(23,198,113,.2),0 2px 5px rgba(0,0,0,.1);
}

.c36 {
  background-color: #00b8d8;
  border-color: #00b8d8;
  border-width: 1px;
  border-style: solid;
  border-radius: 0.25rem;
  line-height: 1.5;
  padding: 0.4286rem 0.875rem;
  font-size: 0.6875rem;
  -webkit-transition: all 250ms cubic-bezier(.27,.01,.38,1.06);
  transition: all 250ms cubic-bezier(.27,.01,.38,1.06);
  cursor: pointer;
  color: #ffffff;
}

.c36:hover {
  background-color: #00a2bf;
  border-color: #00a2bf;
  box-shadow: 0 5px 15px rgba(0,0,0,.05),0 4px 10px rgba(0,184,216,.25);
  color: #ffffff;
}

.c36:active {
  background-color: #00a2bf;
  border-color: #008da5;
  box-shadow: inset 0 3px 5px rgba(0,0,0,.125)!important;
  color: #ffffff;
}

.c36:focus {
  box-shadow: 0 0 0 3px rgba(0,184,216,.15),0 3px 15px rgba(0,184,216,.2),0 2px 5px rgba(0,0,0,.1);
}

.c37 {
  background-color: #c4183c;
  border-color: #c4183c;
  border-width: 1px;
  border-style: solid;
  border-radius: 0.25rem;
  line-height: 1.5;
  padding: 0.4286rem 0.875rem;
  font-size: 0.6875rem;
  -webkit-transition: all 250ms cubic-bezier(.27,.01,.38,1.06);
  transition: all 250ms cubic-bezier(.27,.01,.38,1.06);
  cursor: pointer;
  color: #ffffff;
}

.c37:hover {
  background-color: #ad1535;
  border-color: #ad1535;
  box-shadow: 0 5px 15px rgba(0,0,0,.05),0 4px 10px rgba(196,24,60,.25);
  color: #ffffff;
}

.c37:active {
  background-color: #ad1535;
  border-color: #97122e;
  box-shadow: inset 0 3px 5px rgba(0,0,0,.125)!important;
  color: #ffffff;
}

.c37:focus {
  box-shadow: 0 0 0 3px rgba(196,24,60,.15),0 3px 15px rgba(196,24,60,.2),0 2px 5px rgba(0,0,0,.1);
}

.c38 {
  background-color: #ffb400;
  border-color: #ffb400;
  border-width: 1px;
  border-style: solid;
  border-radius: 0.25rem;
  line-height: 1.5;
  padding: 0.4286rem 0.875rem;
  font-size: 0.6875rem;
  -webkit-transition: all 250ms cubic-bezier(.27,.01,.38,1.06);
  transition: all 250ms cubic-bezier(.27,.01,.38,1.06);
  cursor: pointer;
  color: #ffffff;
}

.c38:hover {
  background-color: #e6a200;
  border-color: #e6a200;
  box-shadow: 0 5px 15px rgba(0,0,0,.05),0 4px 10px rgba(255,180,0,.25);
  color: #ffffff;
}

.c38:active {
  background-color: #e6a200;
  border-color: #cc9000;
  box-shadow: inset 0 3px 5px rgba(0,0,0,.125)!important;
  color: #ffffff;
}

.c38:focus {
  box-shadow: 0 0 0 3px rgba(255,180,0,.15),0 3px 15px rgba(255,180,0,.2),0 2px 5px rgba(0,0,0,.1);
}

.c39 {
  background-color: #212529;
  border-color: #212529;
  border-width: 1px;
  border-style: solid;
  border-radius: 0.25rem;
  line-height: 1.5;
  padding: 0.4286rem 0.875rem;
  font-size: 0.6875rem;
  -webkit-transition: all 250ms cubic-bezier(.27,.01,.38,1.06);
  transition: all 250ms cubic-bezier(.27,.01,.38,1.06);
  cursor: pointer;
  color: #ffffff;
}

.c39:hover {
  background-color: #16181b;
  border-color: #16181b;
  box-shadow: 0 5px 15px rgba(0,0,0,.05),0 4px 10px rgba(33,37,41,.25);
  color: #ffffff;
}

.c39:active {
  background-color: #16181b;
  border-color: #0a0c0d;
  box-shadow: inset 0 3px 5px rgba(0,0,0,.125)!important;
  color: #ffffff;
}

.c39:focus {
  box-shadow: 0 0 0 3px rgba(33,37,41,.15),0 3px 15px rgba(33,37,41,.2),0 2px 5px rgba(0,0,0,.1);
}

.c40 {
  background-color: #ffffff;
  border-color: #e1e5eb;
  border-width: 1px;
  border-style: solid;
  border-radius: 0.25rem;
  line-height: 1.5;
  padding: 0.4286rem 0.875rem;
  font-size: 0.6875rem;
  -webkit-transition: all 250ms cubic-bezier(.27,.01,.38,1.06);
  transition: all 250ms cubic-bezier(.27,.01,.38,1.06);
  cursor: pointer;
  color: #5a6169;
}

.c40:hover {
  background-color: #ffffff;
  border-color: #e1e5eb;
  box-shadow: 0 0.125rem 0.625rem rgba(129,142,163,.2),0 0.0625rem 0.125rem rgba(129,142,164,.3);
  color: #5a6169;
}

.c40:active {
  background-color: #007bff;
  border-color: #007bff;
  box-shadow: inset 0 3px 5px rgba(0,0,0,.125)!important;
  color: #ffffff;
}

.c40:focus {
  box-shadow: 0 0 0 3px rgba(251,251,251,.15),0 3px 15px rgba(251,251,251,.2),0 2px 5px rgba(0,0,0,.1);
}

.c41 {
  background-color: #674eec;
  border-color: #674eec;
  border-width: 1px;
  border-style: solid;
  border-radius: 0.25rem;
  line-height: 1.5;
  padding: 0.4286rem 0.875rem;
  font-size: 0.6875rem;
  -webkit-transition: all 250ms cubic-bezier(.27,.01,.38,1.06);
  transition: all 250ms cubic-bezier(.27,.01,.38,1.06);
  cursor: pointer;
  color: #ffffff;
}

.c41:hover {
  background-color: #5337ea;
  border-color: #5337ea;
  box-shadow: 0 5px 15px rgba(0,0,0,.05),0 4px 10px rgba(103,78,236,.25);
  color: #ffffff;
}

.c41:active {
  background-color: #5337ea;
  border-color: #3f20e7;
  box-shadow: inset 0 3px 5px rgba(0,0,0,.125)!important;
  color: #ffffff;
}

.c41:focus {
  box-shadow: 0 0 0 3px rgba(103,78,236,.15),0 3px 15px rgba(103,78,236,.2),0 2px 5px rgba(0,0,0,.1);
}

.c42 {
  background-color: #1adba2;
  border-color: #1adba2;
  border-width: 1px;
  border-style: solid;
  border-radius: 0.25rem;
  line-height: 1.5;
  padding: 0.4286rem 0.875rem;
  font-size: 0.6875rem;
  -webkit-transition: all 250ms cubic-bezier(.27,.01,.38,1.06);
  transition: all 250ms cubic-bezier(.27,.01,.38,1.06);
  cursor: pointer;
  color: #ffffff;
}

.c42:hover {
  background-color: #17c491;
  border-color: #17c491;
  box-shadow: 0 5px 15px rgba(0,0,0,.05),0 4px 10px rgba(26,219,162,.25);
  color: #ffffff;
}

.c42:active {
  background-color: #17c491;
  border-color: #15ad80;
  box-shadow: inset 0 3px 5px rgba(0,0,0,.125)!important;
  color: #ffffff;
}

.c42:focus {
  box-shadow: 0 0 0 3px rgba(26,219,162,.15),0 3px 15px rgba(26,219,162,.2),0 2px 5px rgba(0,0,0,.1);
}

.c43 {
  background-color: #ff4169;
  border-color: #ff4169;
  border-width: 1px;
  border-style: solid;
  border-radius: 0.25rem;
  line-height: 1.5;
  padding: 0.4286rem 0.875rem;
  font-size: 0.6875rem;
  -webkit-transition: all 250ms cubic-bezier(.27,.01,.38,1.06);
  transition: all 250ms cubic-bezier(.27,.01,.38,1.06);
  cursor: pointer;
  color: #ffffff;
}

.c43:hover {
  background-color: #ff2855;
  border-color: #ff2855;
  box-shadow: 0 5px 15px rgba(0,0,0,.05),0 4px 10px rgba(255,65,105,.25);
  color: #ffffff;
}

.c43:active {
  background-color: #ff2855;
  border-color: #ff0e41;
  box-shadow: inset 0 3px 5px rgba(0,0,0,.125)!important;
  color: #ffffff;
}

.c43:focus {
  box-shadow: 0 0 0 3px rgba(255,65,105,.15),0 3px 15px rgba(255,65,105,.2),0 2px 5px rgba(0,0,0,.1);
}

.c44 {
  background-color: #ffffff;
  border-color: #007bff;
  border-width: 1px;
  border-style: solid;
  border-radius: 0.25rem;
  line-height: 1.5;
  padding: 0.4286rem 0.875rem;
  font-size: 0.6875rem;
  -webkit-transition: all 250ms cubic-bezier(.27,.01,.38,1.06);
  transition: all 250ms cubic-bezier(.27,.01,.38,1.06);
  cursor: pointer;
  color: #007bff;
}

.c44:hover {
  background-color: #006fe6;
  border-color: #006fe6;
  box-shadow: 0 5px 15px rgba(0,0,0,.05),0 4px 10px rgba(0,123,255,.25);
  color: #ffffff;
}

.c44:active {
  border-color: #0062cc;
  box-shadow: inset 0 3px 5px rgba(0,0,0,.125)!important;
  color: #ffffff;
}

.c44:focus {
  box-shadow: 0 0 0 3px rgba(0,123,255,.15),0 3px 15px rgba(0,123,255,.2),0 2px 5px rgba(0,0,0,.1);
}

.c45 {
  background-color: #ffffff;
  border-color: #5a6169;
  border-width: 1px;
  border-style: solid;
  border-radius: 0.25rem;
  line-height: 1.5;
  padding: 0.4286rem 0.875rem;
  font-size: 0.6875rem;
  -webkit-transition: all 250ms cubic-bezier(.27,.01,.38,1.06);
  transition: all 250ms cubic-bezier(.27,.01,.38,1.06);
  cursor: pointer;
  color: #5a6169;
}

.c45:hover {
  background-color: #4e545b;
  border-color: #4e545b;
  box-shadow: 0 5px 15px rgba(0,0,0,.05),0 4px 10px rgba(90,97,105,.25);
  color: #ffffff;
}

.c45:active {
  border-color: #42484e;
  box-shadow: inset 0 3px 5px rgba(0,0,0,.125)!important;
  color: #ffffff;
}

.c45:focus {
  box-shadow: 0 0 0 3px rgba(90,97,105,.15),0 3px 15px rgba(90,97,105,.2),0 2px 5px rgba(0,0,0,.1);
}

.c46 {
  background-color: #ffffff;
  border-color: #17c671;
  border-width: 1px;
  border-style: solid;
  border-radius: 0.25rem;
  line-height: 1.5;
  padding: 0.4286rem 0.875rem;
  font-size: 0.6875rem;
  -webkit-transition: all 250ms cubic-bezier(.27,.01,.38,1.06);
  transition: all 250ms cubic-bezier(.27,.01,.38,1.06);
  cursor: pointer;
  color: #17c671;
}

.c46:hover {
  background-color: #14af64;
  border-color: #14af64;
  box-shadow: 0 5px 15px rgba(0,0,0,.05),0 4px 10px rgba(23,198,113,.25);
  color: #ffffff;
}

.c46:active {
  border-color: #129857;
  box-shadow: inset 0 3px 5px rgba(0,0,0,.125)!important;
  color: #ffffff;
}

.c46:focus {
  box-shadow: 0 0 0 3px rgba(23,198,113,.15),0 3px 15px rgba(23,198,113,.2),0 2px 5px rgba(0,0,0,.1);
}

.c47 {
  background-color: #ffffff;
  border-color: #00b8d8;
  border-width: 1px;
  border-style: solid;
  border-radius: 0.25rem;
  line-height: 1.5;
  padding: 0.4286rem 0.875rem;
  font-size: 0.6875rem;
  -webkit-transition: all 250ms cubic-bezier(.27,.01,.38,1.06);
  transition: all 250ms cubic-bezier(.27,.01,.38,1.06);
  cursor: pointer;
  color: #00b8d8;
}

.c47:hover {
  background-color: #00a2bf;
  border-color: #00a2bf;
  box-shadow: 0 5px 15px rgba(0,0,0,.05),0 4px 10px rgba(0,184,216,.25);
  color: #ffffff;
}

.c47:active {
  border-color: #008da5;
  box-shadow: inset 0 3px 5px rgba(0,0,0,.125)!important;
  color: #ffffff;
}

.c47:focus {
  box-shadow: 0 0 0 3px rgba(0,184,216,.15),0 3px 15px rgba(0,184,216,.2),0 2px 5px rgba(0,0,0,.1);
}

.c48 {
  background-color: #ffffff;
  border-color: #c4183c;
  border-width: 1px;
  border-style: solid;
  border-radius: 0.25rem;
  line-height: 1.5;
  padding: 0.4286rem 0.875rem;
  font-size: 0.6875rem;
  -webkit-transition: all 250ms cubic-bezier(.27,.01,.38,1.06);
  transition: all 250ms cubic-bezier(.27,.01,.38,1.06);
  cursor: pointer;
  color: #c4183c;
}

.c48:hover {
  background-color: #ad1535;
  border-color: #ad1535;
  box-shadow: 0 5px 15px rgba(0,0,0,.05),0 4px 10px rgba(196,24,60,.25);
  color: #ffffff;
}

.c48:active {
  border-color: #97122e;
  box-shadow: inset 0 3px 5px rgba(0,0,0,.125)!important;
  color: #ffffff;
}

.c48:focus {
  box-shadow: 0 0 0 3px rgba(196,24,60,.15),0 3px 15px rgba(196,24,60,.2),0 2px 5px rgba(0,0,0,.1);
}

.c49 {
  background-color: #ffffff;
  border-color: #ffb400;
  border-width: 1px;
  border-style: solid;
  border-radius: 0.25rem;
  line-height: 1.5;
  padding: 0.4286rem 0.875rem;
  font-size: 0.6875rem;
  -webkit-transition: all 250ms cubic-bezier(.27,.01,.38,1.06);
  transition: all 250ms cubic-bezier(.27,.01,.38,1.06);
  cursor: pointer;
  color: #ffb400;
}

.c49:hover {
  background-color: #e6a200;
  border-color: #e6a200;
  box-shadow: 0 5px 15px rgba(0,0,0,.05),0 4px 10px rgba(255,180,0,.25);
  color: #ffffff;
}

.c49:active {
  border-color: #cc9000;
  box-shadow: inset 0 3px 5px rgba(0,0,0,.125)!important;
  color: #ffffff;
}

.c49:focus {
  box-shadow: 0 0 0 3px rgba(255,180,0,.15),0 3px 15px rgba(255,180,0,.2),0 2px 5px rgba(0,0,0,.1);
}

.c50 {
  background-color: #ffffff;
  border-color: #212529;
  border-width: 1px;
  border-style: solid;
  border-radius: 0.25rem;
  line-height: 1.5;
  padding: 0.4286rem 0.875rem;
  font-size: 0.6875rem;
  -webkit-transition: all 250ms cubic-bezier(.27,.01,.38,1.06);
  transition: all 250ms cubic-bezier(.27,.01,.38,1.06);
  cursor: pointer;
  color: #212529;
}

.c50:hover {
  background-color: #16181b;
  border-color: #16181b;
  box-shadow: 0 5px 15px rgba(0,0,0,.05),0 4px 10px rgba(33,37,41,.25);
  color: #ffffff;
}

.c50:active {
  border-color: #0a0c0d;
  box-shadow: inset 0 3px 5px rgba(0,0,0,.125)!important;
  color: #ffffff;
}

.c50:focus {
  box-shadow: 0 0 0 3px rgba(33,37,41,.15),0 3px 15px rgba(33,37,41,.2),0 2px 5px rgba(0,0,0,.1);
}

.c51 {
  background-color: #ffffff;
  border-color: transparent;
  border-width: 1px;
  border-style: solid;
  border-radius: 0.25rem;
  line-height: 1.5;
  padding: 0.4286rem 0.875rem;
  font-size: 0.6875rem;
  -webkit-transition: all 250ms cubic-bezier(.27,.01,.38,1.06);
  transition: all 250ms cubic-bezier(.27,.01,.38,1.06);
  cursor: pointer;
  color: #5a6169;
}

.c51:hover {
  background-color: #ffffff;
  border-color: transparent;
  box-shadow: 0 0.125rem 0.625rem rgba(129,142,163,.2),0 0.0625rem 0.125rem rgba(129,142,164,.3);
  color: #5a6169;
}

.c51:active {
  border-color: #007bff;
  box-shadow: inset 0 3px 5px rgba(0,0,0,.125)!important;
  color: #ffffff;
}

.c51:focus {
  box-shadow: 0 0 0 3px rgba(251,251,251,.15),0 3px 15px rgba(251,251,251,.2),0 2px 5px rgba(0,0,0,.1);
}

.c52 {
  background-color: #ffffff;
  border-color: #674eec;
  border-width: 1px;
  border-style: solid;
  border-radius: 0.25rem;
  line-height: 1.5;
  padding: 0.4286rem 0.875rem;
  font-size: 0.6875rem;
  -webkit-transition: all 250ms cubic-bezier(.27,.01,.38,1.06);
  transition: all 250ms cubic-bezier(.27,.01,.38,1.06);
  cursor: pointer;
  color: #674eec;
}

.c52:hover {
  background-color: #5337ea;
  border-color: #5337ea;
  box-shadow: 0 5px 15px rgba(0,0,0,.05),0 4px 10px rgba(103,78,236,.25);
  color: #ffffff;
}

.c52:active {
  border-color: #3f20e7;
  box-shadow: inset 0 3px 5px rgba(0,0,0,.125)!important;
  color: #ffffff;
}

.c52:focus {
  box-shadow: 0 0 0 3px rgba(103,78,236,.15),0 3px 15px rgba(103,78,236,.2),0 2px 5px rgba(0,0,0,.1);
}

.c53 {
  background-color: #ffffff;
  border-color: #1adba2;
  border-width: 1px;
  border-style: solid;
  border-radius: 0.25rem;
  line-height: 1.5;
  padding: 0.4286rem 0.875rem;
  font-size: 0.6875rem;
  -webkit-transition: all 250ms cubic-bezier(.27,.01,.38,1.06);
  transition: all 250ms cubic-bezier(.27,.01,.38,1.06);
  cursor: pointer;
  color: #1adba2;
}

.c53:hover {
  background-color: #17c491;
  border-color: #17c491;
  box-shadow: 0 5px 15px rgba(0,0,0,.05),0 4px 10px rgba(26,219,162,.25);
  color: #ffffff;
}

.c53:active {
  border-color: #15ad80;
  box-shadow: inset 0 3px 5px rgba(0,0,0,.125)!important;
  color: #ffffff;
}

.c53:focus {
  box-shadow: 0 0 0 3px rgba(26,219,162,.15),0 3px 15px rgba(26,219,162,.2),0 2px 5px rgba(0,0,0,.1);
}

.c54 {
  background-color: #ffffff;
  border-color: #ff4169;
  border-width: 1px;
  border-style: solid;
  border-radius: 0.25rem;
  line-height: 1.5;
  padding: 0.4286rem 0.875rem;
  font-size: 0.6875rem;
  -webkit-transition: all 250ms cubic-bezier(.27,.01,.38,1.06);
  transition: all 250ms cubic-bezier(.27,.01,.38,1.06);
  cursor: pointer;
  color: #ff4169;
}

.c54:hover {
  background-color: #ff2855;
  border-color: #ff2855;
  box-shadow: 0 5px 15px rgba(0,0,0,.05),0 4px 10px rgba(255,65,105,.25);
  color: #ffffff;
}

.c54:active {
  border-color: #ff0e41;
  box-shadow: inset 0 3px 5px rgba(0,0,0,.125)!important;
  color: #ffffff;
}

.c54:focus {
  box-shadow: 0 0 0 3px rgba(255,65,105,.15),0 3px 15px rgba(255,65,105,.2),0 2px 5px rgba(0,0,0,.1);
}

.c89 {
  min-width: 7.5rem;
  width: 100%;
}

.c90 {
  position: relative;
  display: -webkit-box;
  display: -webkit-flex;
  display: -ms-flexbox;
  display: flex;
  -webkit-flex-wrap: nowrap;
  -ms-flex-wrap: nowrap;
  flex-wrap: nowrap;
  -webkit-align-items: stretch;
  -webkit-box-align: stretch;
  -ms-flex-align: stretch;
  align-items: stretch;
  width: 100%;
  min-width: 7.5rem;
}

.c91 {
  padding: .4375rem .75rem;
  -webkit-flex: 1 1 auto;
  -ms-flex: 1 1 auto;
  flex: 1 1 auto;
  font-size: .8125rem;
  line-height: 1.5;
  color: #5a6169;
  background-color: #ffffff;
  border: 1px solid #e1e5eb;
  font-weight: 300;
  border-radius: .25rem;
  box-shadow: none;
  -webkit-transition: box-shadow 250ms cubic-bezier(.27,.01,.38,1.06),border 250ms cubic-bezier(.27,.01,.38,1.06);
  transition: box-shadow 250ms cubic-bezier(.27,.01,.38,1.06),border 250ms cubic-bezier(.27,.01,.38,1.06);
}

.c91:hover {
  border-color: #b3bdcc;
}

.c91:focus {
  color: #5a6169;
  background-color: #ffffff;
  border-color: #007bff;
  box-shadow: 0 0.313rem 0.719rem rgba(0,123,255,.1),0 0.156rem 0.125rem rgba(0,0,0,.06);
}

.c94 {
  padding: .4375rem .75rem;
  -webkit-flex: 1 1 auto;
  -ms-flex: 1 1 auto;
  flex: 1 1 auto;
  font-size: .8125rem;
  line-height: 1.5;
  color: #5a6169;
  background-color: #ffffff;
  border: 1px solid #e1e5eb;
  font-weight: 300;
  border-radius: .25rem;
  box-shadow: none;
  -webkit-transition: box-shadow 250ms cubic-bezier(.27,.01,.38,1.06),border 250ms cubic-bezier(.27,.01,.38,1.06);
  transition: box-shadow 250ms cubic-bezier(.27,.01,.38,1.06),border 250ms cubic-bezier(.27,.01,.38,1.06);
  border-top-left-radius: 0;
  border-bottom-left-radius: 0;
}

.c94:hover {
  border-color: #b3bdcc;
}

.c94:focus {
  color: #5a6169;
  background-color: #ffffff;
  border-color: #007bff;
  box-shadow: 0 0.313rem 0.719rem rgba(0,123,255,.1),0 0.156rem 0.125rem rgba(0,0,0,.06);
}

.c95 {
  padding: .4375rem .75rem;
  -webkit-flex: 1 1 auto;
  -ms-flex: 1 1 auto;
  flex: 1 1 auto;
  font-size: .8125rem;
  line-height: 1.5;
  color: #5a6169;
  background-color: #ffffff;
  border: 1px solid #e1e5eb;
  font-weight: 300;
  border-radius: .25rem;
  box-shadow: none;
  -webkit-transition: box-shadow 250ms cubic-bezier(.27,.01,.38,1.06),border 250ms cubic-bezier(.27,.01,.38,1.06);
  transition: box-shadow 250ms cubic-bezier(.27,.01,.38,1.06),border 250ms cubic-bezier(.27,.01,.38,1.06);
  border-color: #17c671;
  box-shadow: 0 5px 11.5px rgba(23,198,113,.1);
}

.c95:hover {
  border-color: #b3bdcc;
}

.c95:focus {
  color: #5a6169;
  background-color: #ffffff;
  border-color: #007bff;
  box-shadow: 0 0.313rem 0.719rem rgba(0,123,255,.1),0 0.156rem 0.125rem rgba(0,0,0,.06);
}

.c97 {
  padding: .4375rem .75rem;
  -webkit-flex: 1 1 auto;
  -ms-flex: 1 1 auto;
  flex: 1 1 auto;
  font-size: .8125rem;
  line-height: 1.5;
  color: #5a6169;
  background-color: #ffffff;
  border: 1px solid #e1e5eb;
  font-weight: 300;
  border-radius: .25rem;
  box-shadow: none;
  -webkit-transition: box-shadow 250ms cubic-bezier(.27,.01,.38,1.06),border 250ms cubic-bezier(.27,.01,.38,1.06);
  transition: box-shadow 250ms cubic-bezier(.27,.01,.38,1.06),border 250ms cubic-bezier(.27,.01,.38,1.06);
  border-color: #c4183c;
  box-shadow: 0 5px 11.5px rgba(196,24,60,.1);
}

.c97:hover {
  border-color: #b3bdcc;
}

.c97:focus {
  color: #5a6169;
  background-color: #ffffff;
  border-color: #007bff;
  box-shadow: 0 0.313rem 0.719rem rgba(0,123,255,.1),0 0.156rem 0.125rem rgba(0,0,0,.06);
}

.c96 {
  display: block;
  margin-top: .25rem;
  font-size: 80%;
  color: #17c671;
}

.c98 {
  display: block;
  margin-top: .25rem;
  font-size: 80%;
  color: #c4183c;
}

.c92 {
  display: -webkit-box;
  display: -webkit-flex;
  display: -ms-flexbox;
  display: flex;
}

.c93 {
  font-size: .8125rem;
  padding: .375rem .75rem;
  font-weight: 300;
  line-height: 1.5;
  color: #abb6bf;
  background-color: #ffffff;
  border: 1px solid #e1e5eb;
  border-radius: .25rem;
  border-top-right-radius: 0;
  border-bottom-right-radius: 0;
  margin-right: -1px;
}

.c9 {
  min-width: 7.5rem;
  width: 100%;
}

.c10 {
  width: 100%;
  padding: .4375rem .75rem;
  -webkit-flex: 1 1 auto;
  -ms-flex: 1 1 auto;
  flex: 1 1 auto;
  font-size: .8125rem;
  line-height: 1.5;
  color: #5a6169;
  background-color: #ffffff;
  border: 1px solid #e1e5eb;
  font-weight: 300;
  border-radius: .25rem;
  box-shadow: none;
  -webkit-transition: box-shadow 250ms cubic-bezier(.27,.01,.38,1.06),border 250ms cubic-bezier(.27,.01,.38,1.06);
  transition: box-shadow 250ms cubic-bezier(.27,.01,.38,1.06),border 250ms cubic-bezier(.27,.01,.38,1.06);
}

.c10:hover {
  border-color: #b3bdcc;
}

.c10:focus {
  color: #5a6169;
  background-color: #ffffff;
  border-color: #007bff;
  box-shadow: 0 0.313rem 0.719rem rgba(0,123,255,.1),0 0.156rem 0.125rem rgba(0,0,0,.06);
}

.c88 {
  margin-bottom: 1rem;
  width: 250px;
}

.c83 {
  display: -webkit-box;
  display: -webkit-flex;
  display: -ms-flexbox;
  display: flex;
  -webkit-align-items: center;
  -webkit-box-align: center;
  -ms-flex-align: center;
  align-items: center;
  cursor: pointer;
}

.c87 {
  display: -webkit-box;
  display: -webkit-flex;
  display: -ms-flexbox;
  display: flex;
  -webkit-align-items: center;
  -webkit-box-align: center;
  -ms-flex-align: center;
  align-items: center;
  cursor: not-allowed;
}

.c84 {
  box-sizing: border-box;
  padding: 0;
  position: absolute;
  z-index: -1;
  opacity: 0;
  overflow: visible;
}

.c85 {
  display: inline-block;
  box-sizing: border-box;
  color: #5a6169;
  width: 1.125rem;
  border-radius: 50%;
  height: 1.125rem;
  background-color: #ffffff;
  border: 1px solid #e1e5eb;
  -webkit-transition: all 250ms cubic-bezier(0.27,0.01,0.38,1.06);
  transition: all 250ms cubic-bezier(0.27,0.01,0.38,1.06);
  box-shadow: none;
}

input:checked + .c85 {
  border: 5px solid #007bff;
}

input[type='radio'][checked][disabled] + .c85 {
  background-color: #5a6169;
  border: 5px solid #e9ecef;
}

input:disabled + .c85 {
  background-color: #e9ecef;
}

.c86 {
  margin-left: 5px;
  color: #5a6169;
}

input:disabled ~ .c86 {
  opacity: 0.7;
  color: #5a6169;
}

.c55 {
  height: 5px;
  width: 100%;
  border-radius: 1.25rem;
  background-color: #f5f5f6;
  box-shadow: inset 0 0.1rem 0.1rem rgba(90,97,105,.15);
  overflow: hidden;
}

.c56 {
  height: 100%;
  width: 18.75%;
  line-height: .625rem;
  color: #fff;
  background-color: #007bff;
  -webkit-transition: width .6s ease;
  transition: width .6s ease;
}

.c57 {
  height: 100%;
  width: 50%;
  line-height: .625rem;
  color: #fff;
  background-color: #5a6169;
  -webkit-transition: width .6s ease;
  transition: width .6s ease;
}

.c58 {
  height: 100%;
  width: 75%;
  line-height: .625rem;
  color: #fff;
  background-color: #17c671;
  -webkit-transition: width .6s ease;
  transition: width .6s ease;
}

.c59 {
  height: 100%;
  width: 125%;
  line-height: .625rem;
  color: #fff;
  background-color: #c4183c;
  -webkit-transition: width .6s ease;
  transition: width .6s ease;
}

.c60 {
  height: 100%;
  width: 0%;
  line-height: .625rem;
  color: #fff;
  background-color: #ffb400;
  -webkit-transition: width .6s ease;
  transition: width .6s ease;
}

.c61 {
  height: 100%;
  width: 100%;
  line-height: .625rem;
  color: #fff;
  background-color: #00b8d8;
  -webkit-transition: width .6s ease;
  transition: width .6s ease;
}

.c62 {
  display: -webkit-box;
  display: -webkit-flex;
  display: -ms-flexbox;
  display: flex;
  -webkit-flex-direction: row;
  -ms-flex-direction: row;
  flex-direction: row;
  -webkit-align-items: center;
  -webkit-box-align: center;
  -ms-flex-align: center;
  align-items: center;
  cursor: pointer;
}

.c62:active > div > div {
  width: 1rem;
  left: 0.1875rem;
}

.c62:active > div {
  box-shadow: none;
}

.c66 {
  display: -webkit-box;
  display: -webkit-flex;
  display: -ms-flexbox;
  display: flex;
  -webkit-flex-direction: row;
  -ms-flex-direction: row;
  flex-direction: row;
  -webkit-align-items: center;
  -webkit-box-align: center;
  -ms-flex-align: center;
  align-items: center;
  cursor: pointer;
}

.c66:active > div > div {
  width: 1rem;
  left: 1rem;
}

.c66:active > div {
  box-shadow: none;
}

.c69 {
  display: -webkit-box;
  display: -webkit-flex;
  display: -ms-flexbox;
  display: flex;
  -webkit-flex-direction: row;
  -ms-flex-direction: row;
  flex-direction: row;
  -webkit-align-items: center;
  -webkit-box-align: center;
  -ms-flex-align: center;
  align-items: center;
  cursor: not-allowed;
}

.c69:active > div > div {
  width: 0.75rem;
  left: 0.1875rem;
}

.c69:active > div {
  box-shadow: none;
  background-color: #e9ecef;
}

.c72 {
  display: -webkit-box;
  display: -webkit-flex;
  display: -ms-flexbox;
  display: flex;
  -webkit-flex-direction: row;
  -ms-flex-direction: row;
  flex-direction: row;
  -webkit-align-items: center;
  -webkit-box-align: center;
  -ms-flex-align: center;
  align-items: center;
  cursor: not-allowed;
}

.c72:active > div > div {
  width: 0.75rem;
  left: 1.25rem;
}

.c72:active > div {
  box-shadow: none;
  background-color: #e9ecef;
}

.c63 {
  background-color: #ffffff;
  border-radius: 100px;
  border: .0625rem solid #e1e5eb;
  width: 2.1875rem;
  height: 1.125rem;
  position: relative;
  display: -webkit-box;
  display: -webkit-flex;
  display: -ms-flexbox;
  display: flex;
  -webkit-align-items: center;
  -webkit-box-align: center;
  -ms-flex-align: center;
  align-items: center;
  margin-right: 5px;
  -webkit-transition: 0.3s;
  transition: 0.3s;
  outline: none;
  box-shadow: 0 3px 8px 1px rgba(0,0,0,.2);
}

.c67 {
  background-color: #17c671;
  border-radius: 100px;
  border: .0625rem solid #17c671;
  width: 2.1875rem;
  height: 1.125rem;
  position: relative;
  display: -webkit-box;
  display: -webkit-flex;
  display: -ms-flexbox;
  display: flex;
  -webkit-align-items: center;
  -webkit-box-align: center;
  -ms-flex-align: center;
  align-items: center;
  margin-right: 5px;
  -webkit-transition: 0.3s;
  transition: 0.3s;
  outline: none;
  box-shadow: 0 3px 8px 1px rgba(0,0,0,.2);
}

.c70 {
  background-color: #ffffff;
  border-radius: 100px;
  border: .0625rem solid #e1e5eb;
  width: 2.1875rem;
  height: 1.125rem;
  position: relative;
  display: -webkit-box;
  display: -webkit-flex;
  display: -ms-flexbox;
  display: flex;
  -webkit-align-items: center;
  -webkit-box-align: center;
  -ms-flex-align: center;
  align-items: center;
  margin-right: 5px;
  -webkit-transition: 0.3s;
  transition: 0.3s;
  outline: none;
  box-shadow: none;
}

.c73 {
  background-color: #e1e5eb;
  border-radius: 100px;
  border: .0625rem solid #e1e5eb;
  width: 2.1875rem;
  height: 1.125rem;
  position: relative;
  display: -webkit-box;
  display: -webkit-flex;
  display: -ms-flexbox;
  display: flex;
  -webkit-align-items: center;
  -webkit-box-align: center;
  -ms-flex-align: center;
  align-items: center;
  margin-right: 5px;
  -webkit-transition: 0.3s;
  transition: 0.3s;
  outline: none;
  box-shadow: none;
}

.c64 {
  content: '';
  position: absolute;
  left: 0.1875rem;
  width: .75rem;
  height: .75rem;
  background-color: #e1e5eb;
  border-radius: 6.25rem;
  -webkit-transition: 0.2s ease-in-out;
  transition: 0.2s ease-in-out;
}

.c68 {
  content: '';
  position: absolute;
  left: 1.25rem;
  width: .75rem;
  height: .75rem;
  background-color: #ffffff;
  border-radius: 6.25rem;
  -webkit-transition: 0.2s ease-in-out;
  transition: 0.2s ease-in-out;
}

.c74 {
  content: '';
  position: absolute;
  left: 1.25rem;
  width: .75rem;
  height: .75rem;
  background-color: #becad6;
  border-radius: 6.25rem;
  -webkit-transition: 0.2s ease-in-out;
  transition: 0.2s ease-in-out;
}

.c65 {
  cursor: pointer;
  line-height: 15px;
  color: #5a6169;
  font-size: 15px;
}

.c71 {
  cursor: not-allowed;
  line-height: 15px;
  color: #5a6169;
  font-size: 15px;
}

.c1 {
  display: -webkit-box;
  display: -webkit-flex;
  display: -ms-flexbox;
  display: flex;
  -webkit-align-items: center;
  -webkit-box-align: center;
  -ms-flex-align: center;
  align-items: center;
  -webkit-flex-shrink: 1;
  -ms-flex-negative: 1;
  flex-shrink: 1;
  -webkit-box-flex: 1;
  -webkit-flex-grow: 1;
  -ms-flex-positive: 1;
  flex-grow: 1;
  -webkit-flex-basis: auto;
  -ms-flex-preferred-size: auto;
  flex-basis: auto;
  height: 70px;
  line-height: 70px;
  padding-left: 20px;
  box-shadow: 0 5px 15px rgba(0,0,0,.05),0 4px 10px rgba(33,37,41,.25);
}

.c3 {
  font-family: Roboto;
  font-size: 1rem;
  -webkit-flex: 1;
  -ms-flex: 1;
  flex: 1;
  border: none;
  margin-left: 5px;
  height: 98%;
  outline: none;
}

.c4 {
  display: -webkit-box;
  display: -webkit-flex;
  display: -ms-flexbox;
  display: flex;
  -webkit-align-items: center;
  -webkit-box-align: center;
  -ms-flex-align: center;
  align-items: center;
  height: 70px;
  position: relative;
  cursor: pointer;
  border-left: 1px solid #e9ecef;
  padding: 0 25px;
}

.c2 {
  color: #abb6bf;
}

.c5 {
  color: #5a6169;
}

.c6 {
  position: absolute;
  width: 17px;
  height: 17px;
  border-radius: 50%;
  line-height: 17px;
  background-color: #c4183c;
  color: #ffffff;
  text-align: center;
  font-size: 12px;
  top: 35px;
  left: 40px;
  -webkit-transition: all .3s;
  transition: all .3s;
}

.c7 {
  display: -webkit-box;
  display: -webkit-flex;
  display: -ms-flexbox;
  display: flex;
  -webkit-align-items: center;
  -webkit-box-align: center;
  -ms-flex-align: center;
  align-items: center;
  margin-right: 10px;
  width: 215px;
  height: 100%;
  border-left: 1px solid #e9ecef;
}

.c8 {
  width: 42px;
  height: 42px;
  border-radius: 50%;
  margin: 0 15px 0 25px;
}

.c75 {
  position: relative;
  line-height: 1.5rem;
  min-height: 1.5rem;
}

.c77 {
  box-sizing: border-box;
  padding: 0;
  position: absolute;
  z-index: -1;
  opacity: 0;
}

.c76 {
  display: -webkit-box;
  display: -webkit-flex;
  display: -ms-flexbox;
  display: flex;
  -webkit-align-items: center;
  -webkit-box-align: center;
  -ms-flex-align: center;
  align-items: center;
  cursor: pointer;
}

.c81 {
  display: -webkit-box;
  display: -webkit-flex;
  display: -ms-flexbox;
  display: flex;
  -webkit-align-items: center;
  -webkit-box-align: center;
  -ms-flex-align: center;
  align-items: center;
  cursor: not-allowed;
}

.c80 {
  margin-left: 8px;
  font-size: 1rem;
  color: #5a6169;
  opacity: 1;
}

.c82 {
  margin-left: 8px;
  font-size: 1rem;
  color: #5a6169;
  opacity: 0.7;
}

.c79 {
  fill: none;
  stroke: transparent;
  -webkit-transform: scale(0);
  -ms-transform: scale(0);
  transform: scale(0);
  stroke-width: 3px;
  -webkit-transition: -webkit-transform 250ms cubic-bezier(.27,.01,.38,1.06),border 250ms cubic-bezier(.27,.01,.38,1.06),-webkit-transform 250ms cubic-bezier(.27,.01,.38,1.06);
  -webkit-transition: transform 250ms cubic-bezier(.27,.01,.38,1.06),border 250ms cubic-bezier(.27,.01,.38,1.06),-webkit-transform 250ms cubic-bezier(.27,.01,.38,1.06);
  transition: transform 250ms cubic-bezier(.27,.01,.38,1.06),border 250ms cubic-bezier(.27,.01,.38,1.06),-webkit-transform 250ms cubic-bezier(.27,.01,.38,1.06);
  -webkit-transition-delay: .1s;
  transition-delay: .1s;
}

.c78 {
  display: inline-block;
  width: 1.125rem;
  height: 1.125rem;
  border: 1px solid #e1e5eb;
  border-radius: 2px;
  -webkit-transition: all 250ms cubic-bezier(.27,.01,.38,1.06);
  transition: all 250ms cubic-bezier(.27,.01,.38,1.06);
  box-shadow: none;
  background-color: white;
  text-align: center;
}

input:checked + .c78 {
  background-color: #5a6169;
}

input:checked + .c78 svg {
  stroke: white;
  -webkit-transform: scale(1);
  -ms-transform: scale(1);
  transform: scale(1);
}

.c0 button + button {
  margin-left: 20px;
}

<div
  class="c0"
>
  <div
    style="display:flex"
  >
    <section
      style="display:flex;flex-grow:1"
    >
      <div
        class="c1"
        data-test="wrapper"
      >
        <i
          class="material-icons c2"
        >
          search
        </i>
        <input
          class="c3"
          data-test="input"
          placeholder="Search for something..."
          type="text"
        />
        <div
          class="c4"
          data-test="notifications"
        >
          <i
            class="material-icons c5"
          >
            notifications
          </i>
          <span
            class="c6"
            data-test="notificationCount"
          >
            12
          </span>
        </div>
        <div
          class="c7"
          data-test="userSection"
        >
          <img
            class="c8"
            src="https://source.unsplash.com/random/50x50"
          />
          <div
            class="c9"
          >
            <select
              class="c10"
              placeholder="Sierra Brooks"
              style="width:100%;height:100%;border:none;outline:none;margin-right:10px"
            >
              <option
                disabled=""
                hidden=""
                selected=""
                value="-1"
              >
                Sierra Brooks
              </option>
              <option
                value="1"
              >
                First
              </option>
              <option
                value="2"
              >
                Second
              </option>
              <option
                value="3"
              >
                Third
              </option>
            </select>
          </div>
        </div>
      </div>
    </section>
  </div>
  <div>
    <button
      class="c11"
      color="primary"
      fill="fill"
      type="button"
    >
      Hello
    </button>
    <button
      class="c12"
      color="secondary"
      fill="fill"
      type="button"
    >
      Hello
    </button>
    <button
      class="c13"
      color="success"
      fill="fill"
      type="button"
    >
      Hello
    </button>
    <button
      class="c14"
      color="info"
      fill="fill"
      type="button"
    >
      Hello
    </button>
    <button
      class="c15"
      color="danger"
      fill="fill"
      type="button"
    >
      Hello
    </button>
    <button
      class="c16"
      color="warning"
      fill="fill"
      type="button"
    >
      Hello
    </button>
    <button
      class="c17"
      color="dark"
      fill="fill"
      type="button"
    >
      Hello
    </button>
    <button
      class="c18"
      color="white"
      fill="fill"
      type="button"
    >
      Hello
    </button>
    <button
      class="c19"
      color="royalBlue"
      fill="fill"
      type="button"
    >
      Hello
    </button>
    <button
      class="c20"
      color="java"
      fill="fill"
      type="button"
    >
      Hello
    </button>
    <button
      class="c21"
      color="salmon"
      fill="fill"
      type="button"
    >
      Hello
    </button>
  </div>
  <div>
    <button
      class="c22"
      color="primary"
      fill="outline"
      type="button"
    >
      Hello
    </button>
    <button
      class="c23"
      color="secondary"
      fill="outline"
      type="button"
    >
      Hello
    </button>
    <button
      class="c24"
      color="success"
      fill="outline"
      type="button"
    >
      Hello
    </button>
    <button
      class="c25"
      color="info"
      fill="outline"
      type="button"
    >
      Hello
    </button>
    <button
      class="c26"
      color="danger"
      fill="outline"
      type="button"
    >
      Hello
    </button>
    <button
      class="c27"
      color="warning"
      fill="outline"
      type="button"
    >
      Hello
    </button>
    <button
      class="c28"
      color="dark"
      fill="outline"
      type="button"
    >
      Hello
    </button>
    <button
      class="c29"
      color="white"
      fill="outline"
      type="button"
    >
      Hello
    </button>
    <button
      class="c30"
      color="royalBlue"
      fill="outline"
      type="button"
    >
      Hello
    </button>
    <button
      class="c31"
      color="java"
      fill="outline"
      type="button"
    >
      Hello
    </button>
    <button
      class="c32"
      color="salmon"
      fill="outline"
      type="button"
    >
      Hello
    </button>
  </div>
  <div>
    <button
      class="c33"
      color="primary"
      fill="fill"
      type="button"
    >
      Hello
    </button>
    <button
      class="c34"
      color="secondary"
      fill="fill"
      type="button"
    >
      Hello
    </button>
    <button
      class="c35"
      color="success"
      fill="fill"
      type="button"
    >
      Hello
    </button>
    <button
      class="c36"
      color="info"
      fill="fill"
      type="button"
    >
      Hello
    </button>
    <button
      class="c37"
      color="danger"
      fill="fill"
      type="button"
    >
      Hello
    </button>
    <button
      class="c38"
      color="warning"
      fill="fill"
      type="button"
    >
      Hello
    </button>
    <button
      class="c39"
      color="dark"
      fill="fill"
      type="button"
    >
      Hello
    </button>
    <button
      class="c40"
      color="white"
      fill="fill"
      type="button"
    >
      Hello
    </button>
    <button
      class="c41"
      color="royalBlue"
      fill="fill"
      type="button"
    >
      Hello
    </button>
    <button
      class="c42"
      color="java"
      fill="fill"
      type="button"
    >
      Hello
    </button>
    <button
      class="c43"
      color="salmon"
      fill="fill"
      type="button"
    >
      Hello
    </button>
  </div>
  <div>
    <button
      class="c44"
      color="primary"
      fill="outline"
      type="button"
    >
      Hello
    </button>
    <button
      class="c45"
      color="secondary"
      fill="outline"
      type="button"
    >
      Hello
    </button>
    <button
      class="c46"
      color="success"
      fill="outline"
      type="button"
    >
      Hello
    </button>
    <button
      class="c47"
      color="info"
      fill="outline"
      type="button"
    >
      Hello
    </button>
    <button
      class="c48"
      color="danger"
      fill="outline"
      type="button"
    >
      Hello
    </button>
    <button
      class="c49"
      color="warning"
      fill="outline"
      type="button"
    >
      Hello
    </button>
    <button
      class="c50"
      color="dark"
      fill="outline"
      type="button"
    >
      Hello
    </button>
    <button
      class="c51"
      color="white"
      fill="outline"
      type="button"
    >
      Hello
    </button>
    <button
      class="c52"
      color="royalBlue"
      fill="outline"
      type="button"
    >
      Hello
    </button>
    <button
      class="c53"
      color="java"
      fill="outline"
      type="button"
    >
      Hello
    </button>
    <button
      class="c54"
      color="salmon"
      fill="outline"
      type="button"
    >
      Hello
    </button>
  </div>
  <div>
    <div
      class="c55"
      color="primary"
      max="200"
      min="-200"
      value="-125"
    >
      <div
        class="c56"
        color="primary"
        max="200"
        min="-200"
        value="-125"
      />
    </div>
    <div
      class="c55"
      color="secondary"
      max="50"
      min="0"
      value="25"
    >
      <div
        class="c57"
        color="secondary"
        max="50"
        min="0"
        value="25"
      />
    </div>
    <div
      class="c55"
      color="success"
      max="150"
      min="50"
      value="125"
    >
      <div
        class="c58"
        color="success"
        max="150"
        min="50"
        value="125"
      />
    </div>
    <div
      class="c55"
      color="danger"
      max="25"
      min="5"
      value="30"
    >
      <div
        class="c59"
        color="danger"
        max="25"
        min="5"
        value="30"
      />
    </div>
    <div
      class="c55"
      color="warning"
      max="25"
      min="5"
      value="4"
    >
      <div
        class="c60"
        color="warning"
        max="25"
        min="5"
        value="4"
      />
    </div>
    <div
      class="c55"
      color="info"
      max="150"
      min="250"
      value="175"
    >
      <div
        class="c61"
        color="info"
        max="150"
        min="250"
        value="175"
      />
    </div>
  </div>
  <div>
    <div
      class="c62"
    >
      <div
        class="c63"
      >
        <div
          class="c64"
        />
      </div>
      <label
        class="c65"
      >
        test
      </label>
    </div>
    <div
      checked=""
      class="c66"
    >
      <div
        checked=""
        class="c67"
      >
        <div
          checked=""
          class="c68"
        />
      </div>
    </div>
    <div
      class="c69"
    >
      <div
        class="c70"
      >
        <div
          class="c64"
        />
      </div>
      <label
        class="c71"
      >
        disabled
      </label>
    </div>
    <div
      checked=""
      class="c72"
    >
      <div
        checked=""
        class="c73"
      >
        <div
          checked=""
          class="c74"
        />
      </div>
      <label
        checked=""
        class="c71"
      >
        disabled
      </label>
    </div>
  </div>
  <div>
    <div
      class="c75"
      label="label text"
    >
      <label
        class="c76"
        label="label text"
      >
        <input
          checked=""
          class="c77"
          label="label text"
          type="checkbox"
        />
        <div
          class="c78"
          label="label text"
        >
          <svg
            class="c79"
            viewBox="0 0 24 24"
          >
            <polyline
              points="20 6 9 17 4 12"
            />
          </svg>
        </div>
        <span
          class="c80"
          label="label text"
        >
          label text
        </span>
      </label>
    </div>
    <div
      class="c75"
      label="label text"
    >
      <label
        class="c76"
        label="label text"
      >
        <input
          class="c77"
          label="label text"
          type="checkbox"
        />
        <div
          class="c78"
          label="label text"
        >
          <svg
            class="c79"
            viewBox="0 0 24 24"
          >
            <polyline
              points="20 6 9 17 4 12"
            />
          </svg>
        </div>
        <span
          class="c80"
          label="label text"
        >
          label text
        </span>
      </label>
    </div>
    <div
      class="c75"
      disabled=""
      label="label text"
    >
      <label
        class="c81"
        disabled=""
        label="label text"
      >
        <input
          class="c77"
          disabled=""
          label="label text"
          type="checkbox"
        />
        <div
          class="c78"
          disabled=""
          label="label text"
        >
          <svg
            class="c79"
            viewBox="0 0 24 24"
          >
            <polyline
              points="20 6 9 17 4 12"
            />
          </svg>
        </div>
        <span
          class="c82"
          disabled=""
          label="label text"
        >
          label text
        </span>
      </label>
    </div>
    <div
      class="c75"
      disabled=""
      label="label text"
    >
      <label
        class="c81"
        disabled=""
        label="label text"
      >
        <input
          checked=""
          class="c77"
          disabled=""
          label="label text"
          type="checkbox"
        />
        <div
          class="c78"
          disabled=""
          label="label text"
        >
          <svg
            class="c79"
            viewBox="0 0 24 24"
          >
            <polyline
              points="20 6 9 17 4 12"
            />
          </svg>
        </div>
        <span
          class="c82"
          disabled=""
          label="label text"
        >
          label text
        </span>
      </label>
    </div>
  </div>
  <div>
    <label
      class="c83"
    >
      <input
        class="c84"
        type="radio"
      />
      <span
        class="c85"
      />
      <span
        class="c86"
      >
        title
      </span>
    </label>
    <label
      class="c83"
    >
      <input
        checked=""
        class="c84"
        type="radio"
      />
      <span
        class="c85"
      />
      <span
        class="c86"
      >
        title
      </span>
    </label>
    <label
      class="c87"
      disabled=""
    >
      <input
        class="c84"
        disabled=""
        type="radio"
      />
      <span
        class="c85"
      />
      <span
        class="c86"
      >
        title
      </span>
    </label>
    <label
      class="c87"
      disabled=""
    >
      <input
        checked=""
        class="c84"
        disabled=""
        type="radio"
      />
      <span
        class="c85"
      />
      <span
        class="c86"
      >
        title
      </span>
    </label>
  </div>
  <div>
    <div
      class="c88"
      width="250"
    >
      <div
        class="c89"
      >
        <div
          class="c90"
        >
          <input
            class="c91"
            placeholder="Text"
            type="text"
          />
        </div>
      </div>
      <div
        class="c89"
      >
        <div
          class="c90"
        >
          <input
            class="c91"
            placeholder="Password"
            type="password"
          />
        </div>
      </div>
      <div
        class="c89"
      >
        <div
          class="c90"
        >
          <div
            class="c92"
          >
            <span
              class="c93"
            >
              @
            </span>
          </div>
          <input
            class="c94"
            placeholder="Input w/ icon"
            type="text"
          />
        </div>
      </div>
      <div
        class="c89"
      >
        <div
          class="c90"
        >
          <input
            class="c95"
            placeholder="Input w/ true condition"
            type="text"
          />
        </div>
        <div
          class="c96"
          placeholder="Input w/ true condition"
          type="text"
        >
          Condition is correct
        </div>
      </div>
      <div
        class="c89"
      >
        <div
          class="c90"
        >
          <input
            class="c97"
            placeholder="Input w/ false condition"
            type="text"
          />
        </div>
        <div
          class="c98"
          placeholder="Input w/ false condition"
          type="text"
        >
          Condition is incorrect
        </div>
      </div>
      <div
        class="c9"
      >
        <select
          class="c10"
          placeholder="Select option"
        >
          <option
            disabled=""
            hidden=""
            selected=""
            value="-1"
          >
            Select option
          </option>
          <option
            value="1"
          >
            First
          </option>
          <option
            value="2"
          >
            Second
          </option>
          <option
            value="3"
          >
            Third
          </option>
        </select>
      </div>
    </div>
  </div>
</div>
`;
